Archive member included to satisfy reference by file (symbol)

C:/ST/STM32CubeIDE_1.17.0/STM32CubeIDE/plugins/com.st.stm32cube.ide.mcu.externaltools.gnu-tools-for-stm32.13.3.rel1.win32_1.0.0.202411081344/tools/bin/../lib/gcc/arm-none-eabi/13.3.1/../../../../arm-none-eabi/lib/thumb/v7e-m+fp/hard\libc_nano.a(libc_a-exit.o)
                              C:/ST/STM32CubeIDE_1.17.0/STM32CubeIDE/plugins/com.st.stm32cube.ide.mcu.externaltools.gnu-tools-for-stm32.13.3.rel1.win32_1.0.0.202411081344/tools/bin/../lib/gcc/arm-none-eabi/13.3.1/../../../../arm-none-eabi/lib/thumb/v7e-m+fp/hard/crt0.o (exit)
C:/ST/STM32CubeIDE_1.17.0/STM32CubeIDE/plugins/com.st.stm32cube.ide.mcu.externaltools.gnu-tools-for-stm32.13.3.rel1.win32_1.0.0.202411081344/tools/bin/../lib/gcc/arm-none-eabi/13.3.1/../../../../arm-none-eabi/lib/thumb/v7e-m+fp/hard\libc_nano.a(libc_a-nano-vfprintf_float.o)
                              (_printf_float)
C:/ST/STM32CubeIDE_1.17.0/STM32CubeIDE/plugins/com.st.stm32cube.ide.mcu.externaltools.gnu-tools-for-stm32.13.3.rel1.win32_1.0.0.202411081344/tools/bin/../lib/gcc/arm-none-eabi/13.3.1/../../../../arm-none-eabi/lib/thumb/v7e-m+fp/hard\libc_nano.a(libc_a-nano-vfprintf_i.o)
                              C:/ST/STM32CubeIDE_1.17.0/STM32CubeIDE/plugins/com.st.stm32cube.ide.mcu.externaltools.gnu-tools-for-stm32.13.3.rel1.win32_1.0.0.202411081344/tools/bin/../lib/gcc/arm-none-eabi/13.3.1/../../../../arm-none-eabi/lib/thumb/v7e-m+fp/hard\libc_nano.a(libc_a-nano-vfprintf_float.o) (_printf_common)
C:/ST/STM32CubeIDE_1.17.0/STM32CubeIDE/plugins/com.st.stm32cube.ide.mcu.externaltools.gnu-tools-for-stm32.13.3.rel1.win32_1.0.0.202411081344/tools/bin/../lib/gcc/arm-none-eabi/13.3.1/../../../../arm-none-eabi/lib/thumb/v7e-m+fp/hard\libc_nano.a(libc_a-findfp.o)
                              C:/ST/STM32CubeIDE_1.17.0/STM32CubeIDE/plugins/com.st.stm32cube.ide.mcu.externaltools.gnu-tools-for-stm32.13.3.rel1.win32_1.0.0.202411081344/tools/bin/../lib/gcc/arm-none-eabi/13.3.1/../../../../arm-none-eabi/lib/thumb/v7e-m+fp/hard\libc_nano.a(libc_a-exit.o) (__stdio_exit_handler)
C:/ST/STM32CubeIDE_1.17.0/STM32CubeIDE/plugins/com.st.stm32cube.ide.mcu.externaltools.gnu-tools-for-stm32.13.3.rel1.win32_1.0.0.202411081344/tools/bin/../lib/gcc/arm-none-eabi/13.3.1/../../../../arm-none-eabi/lib/thumb/v7e-m+fp/hard\libc_nano.a(libc_a-fwalk.o)
                              C:/ST/STM32CubeIDE_1.17.0/STM32CubeIDE/plugins/com.st.stm32cube.ide.mcu.externaltools.gnu-tools-for-stm32.13.3.rel1.win32_1.0.0.202411081344/tools/bin/../lib/gcc/arm-none-eabi/13.3.1/../../../../arm-none-eabi/lib/thumb/v7e-m+fp/hard\libc_nano.a(libc_a-findfp.o) (_fwalk_sglue)
C:/ST/STM32CubeIDE_1.17.0/STM32CubeIDE/plugins/com.st.stm32cube.ide.mcu.externaltools.gnu-tools-for-stm32.13.3.rel1.win32_1.0.0.202411081344/tools/bin/../lib/gcc/arm-none-eabi/13.3.1/../../../../arm-none-eabi/lib/thumb/v7e-m+fp/hard\libc_nano.a(libc_a-printf.o)
                              ./Core/Src/rtos/task_oled.o (printf)
C:/ST/STM32CubeIDE_1.17.0/STM32CubeIDE/plugins/com.st.stm32cube.ide.mcu.externaltools.gnu-tools-for-stm32.13.3.rel1.win32_1.0.0.202411081344/tools/bin/../lib/gcc/arm-none-eabi/13.3.1/../../../../arm-none-eabi/lib/thumb/v7e-m+fp/hard\libc_nano.a(libc_a-snprintf.o)
                              ./Core/Src/drivers/cli_commands.o (snprintf)
C:/ST/STM32CubeIDE_1.17.0/STM32CubeIDE/plugins/com.st.stm32cube.ide.mcu.externaltools.gnu-tools-for-stm32.13.3.rel1.win32_1.0.0.202411081344/tools/bin/../lib/gcc/arm-none-eabi/13.3.1/../../../../arm-none-eabi/lib/thumb/v7e-m+fp/hard\libc_nano.a(libc_a-sprintf.o)
                              ./Middlewares/Third_Party/FreeRTOS/Source/tasks.o (sprintf)
C:/ST/STM32CubeIDE_1.17.0/STM32CubeIDE/plugins/com.st.stm32cube.ide.mcu.externaltools.gnu-tools-for-stm32.13.3.rel1.win32_1.0.0.202411081344/tools/bin/../lib/gcc/arm-none-eabi/13.3.1/../../../../arm-none-eabi/lib/thumb/v7e-m+fp/hard\libc_nano.a(libc_a-sscanf.o)
                              ./Core/Src/drivers/cli_commands.o (sscanf)
C:/ST/STM32CubeIDE_1.17.0/STM32CubeIDE/plugins/com.st.stm32cube.ide.mcu.externaltools.gnu-tools-for-stm32.13.3.rel1.win32_1.0.0.202411081344/tools/bin/../lib/gcc/arm-none-eabi/13.3.1/../../../../arm-none-eabi/lib/thumb/v7e-m+fp/hard\libc_nano.a(libc_a-stdio.o)
                              C:/ST/STM32CubeIDE_1.17.0/STM32CubeIDE/plugins/com.st.stm32cube.ide.mcu.externaltools.gnu-tools-for-stm32.13.3.rel1.win32_1.0.0.202411081344/tools/bin/../lib/gcc/arm-none-eabi/13.3.1/../../../../arm-none-eabi/lib/thumb/v7e-m+fp/hard\libc_nano.a(libc_a-findfp.o) (__sread)
C:/ST/STM32CubeIDE_1.17.0/STM32CubeIDE/plugins/com.st.stm32cube.ide.mcu.externaltools.gnu-tools-for-stm32.13.3.rel1.win32_1.0.0.202411081344/tools/bin/../lib/gcc/arm-none-eabi/13.3.1/../../../../arm-none-eabi/lib/thumb/v7e-m+fp/hard\libc_nano.a(libc_a-memset.o)
[...]
Memory Configuration

Name             Origin             Length             Attributes
FLASH            0x0800c000         0x00034000         xr
RAM              0x20000000         0x00020000         xrw
*default*        0x00000000         0xffffffff

Linker script and memory map

LOAD C:/ST/STM32CubeIDE_1.17.0/STM32CubeIDE/plugins/com.st.stm32cube.ide.mcu.externaltools.gnu-tools-for-stm32.13.3.rel1.win32_1.0.0.202411081344/tools/bin/../lib/gcc/arm-none-eabi/13.3.1/thumb/v7e-m+fp/hard/crti.o
LOAD C:/ST/STM32CubeIDE_1.17.0/STM32CubeIDE/plugins/com.st.stm32cube.ide.mcu.externaltools.gnu-tools-for-stm32.13.3.rel1.win32_1.0.0.202411081344/tools/bin/../lib/gcc/arm-none-eabi/13.3.1/thumb/v7e-m+fp/hard/crtbegin.o
LOAD C:/ST/STM32CubeIDE_1.17.0/STM32CubeIDE/plugins/com.st.stm32cube.ide.mcu.externaltools.gnu-tools-for-stm32.13.3.rel1.win32_1.0.0.202411081344/tools/bin/../lib/gcc/arm-none-eabi/13.3.1/../../../../arm-none-eabi/lib/thumb/v7e-m+fp/hard/crt0.o
LOAD ./Core/Src/drivers/I2c.o
LOAD ./Core/Src/drivers/adc.o
LOAD ./Core/Src/drivers/cli_commands.o
LOAD ./Core/Src/drivers/dma.o
LOAD ./Core/Src/drivers/dwt.o
LOAD ./Core/Src/drivers/font_5x7.o
LOAD ./Core/Src/drivers/gpio_driver.o
LOAD ./Core/Src/drivers/gpio_exti.o
LOAD ./Core/Src/drivers/oled.o
LOAD ./Core/Src/drivers/reset_cause.o
LOAD ./Core/Src/drivers/timer2.o
LOAD ./Core/Src/drivers/uart_driver.o
LOAD ./Core/Src/drivers/watchdog.o
LOAD ./Core/Src/fault/fault_record.o
LOAD ./Core/Src/fault/hardfault.o
LOAD ./Core/Src/freertos.o
LOAD ./Core/Src/main.o
LOAD ./Core/Src/stm32f4xx_hal_msp.o
LOAD ./Core/Src/stm32f4xx_it.o
LOAD ./Core/Src/syscalls.o
LOAD ./Core/Src/sysmem.o
LOAD ./Core/Src/system_stm32f4xx.o
LOAD ./Core/Src/rtos/freertos_init.o
LOAD ./Core/Src/rtos/health_manager.o
LOAD ./Core/Src/rtos/idle_hook.o
LOAD ./Core/Src/rtos/task_adc.o
LOAD ./Core/Src/rtos/task_cli.o
LOAD ./Core/Src/rtos/task_oled.o
LOAD ./Core/Src/rtos/task_sensors.o
LOAD ./Core/Src/rtos/task_start.o
LOAD ./Core/Src/rtos/tasks_common.o
LOAD ./Core/Startup/startup_stm32f446retx.o
LOAD ./Drivers/STM32F4xx_HAL_Driver/Src/stm32f4xx_hal.o
LOAD ./Drivers/STM32F4xx_HAL_Driver/Src/stm32f4xx_hal_cortex.o
LOAD ./Drivers/STM32F4xx_HAL_Driver/Src/stm32f4xx_hal_dma.o
LOAD ./Drivers/STM32F4xx_HAL_Driver/Src/stm32f4xx_hal_dma_ex.o
LOAD ./Drivers/STM32F4xx_HAL_Driver/Src/stm32f4xx_hal_exti.o
LOAD ./Drivers/STM32F4xx_HAL_Driver/Src/stm32f4xx_hal_flash.o
LOAD ./Drivers/STM32F4xx_HAL_Driver/Src/stm32f4xx_hal_flash_ex.o
LOAD ./Drivers/STM32F4xx_HAL_Driver/Src/stm32f4xx_hal_flash_ramfunc.o
LOAD ./Drivers/STM32F4xx_HAL_Driver/Src/stm32f4xx_hal_gpio.o
LOAD ./Drivers/STM32F4xx_HAL_Driver/Src/stm32f4xx_hal_pwr.o
LOAD ./Drivers/STM32F4xx_HAL_Driver/Src/stm32f4xx_hal_pwr_ex.o
LOAD ./Drivers/STM32F4xx_HAL_Driver/Src/stm32f4xx_hal_rcc.o
LOAD ./Drivers/STM32F4xx_HAL_Driver/Src/stm32f4xx_hal_rcc_ex.o
LOAD ./Middlewares/Third_Party/FreeRTOS/Source/CMSIS_RTOS/cmsis_os.o
LOAD ./Middlewares/Third_Party/FreeRTOS/Source/croutine.o
LOAD ./Middlewares/Third_Party/FreeRTOS/Source/event_groups.o
LOAD ./Middlewares/Third_Party/FreeRTOS/Source/list.o
LOAD ./Middlewares/Third_Party/FreeRTOS/Source/queue.o
LOAD ./Middlewares/Third_Party/FreeRTOS/Source/stream_buffer.o
LOAD ./Middlewares/Third_Party/FreeRTOS/Source/tasks.o
LOAD ./Middlewares/Third_Party/FreeRTOS/Source/timers.o
LOAD ./Middlewares/Third_Party/FreeRTOS/Source/portable/GCC/ARM_CM4F/port.o
LOAD ./Middlewares/Third_Party/FreeRTOS/Source/portable/MemMang/heap_4.o
START GROUP
LOAD C:/ST/STM32CubeIDE_1.17.0/STM32CubeIDE/plugins/com.st.stm32cube.ide.mcu.externaltools.gnu-tools-for-stm32.13.3.rel1.win32_1.0.0.202411081344/tools/bin/../lib/gcc/arm-none-eabi/13.3.1/../../../../arm-none-eabi/lib/thumb/v7e-m+fp/hard\libc_nano.a
LOAD C:/ST/STM32CubeIDE_1.17.0/STM32CubeIDE/plugins/com.st.stm32cube.ide.mcu.externaltools.gnu-tools-for-stm32.13.3.rel1.win32_1.0.0.202411081344/tools/bin/../lib/gcc/arm-none-eabi/13.3.1/../../../../arm-none-eabi/lib/thumb/v7e-m+fp/hard\libm.a
END GROUP
START GROUP
LOAD C:/ST/STM32CubeIDE_1.17.0/STM32CubeIDE/plugins/com.st.stm32cube.ide.mcu.externaltools.gnu-tools-for-stm32.13.3.rel1.win32_1.0.0.202411081344/tools/bin/../lib/gcc/arm-none-eabi/13.3.1/thumb/v7e-m+fp/hard\libgcc.a
LOAD C:/ST/STM32CubeIDE_1.17.0/STM32CubeIDE/plugins/com.st.stm32cube.ide.mcu.externaltools.gnu-tools-for-stm32.13.3.rel1.win32_1.0.0.202411081344/tools/bin/../lib/gcc/arm-none-eabi/13.3.1/../../../../arm-none-eabi/lib/thumb/v7e-m+fp/hard\libc_nano.a
END GROUP
START GROUP
LOAD C:/ST/STM32CubeIDE_1.17.0/STM32CubeIDE/plugins/com.st.stm32cube.ide.mcu.externaltools.gnu-tools-for-stm32.13.3.rel1.win32_1.0.0.202411081344/tools/bin/../lib/gcc/arm-none-eabi/13.3.1/thumb/v7e-m+fp/hard\libgcc.a
LOAD C:/ST/STM32CubeIDE_1.17.0/STM32CubeIDE/plugins/com.st.stm32cube.ide.mcu.externaltools.gnu-tools-for-stm32.13.3.rel1.win32_1.0.0.202411081344/tools/bin/../lib/gcc/arm-none-eabi/13.3.1/../../../../arm-none-eabi/lib/thumb/v7e-m+fp/hard\libc_nano.a
LOAD C:/ST/STM32CubeIDE_1.17.0/STM32CubeIDE/plugins/com.st.stm32cube.ide.mcu.externaltools.gnu-tools-for-stm32.13.3.rel1.win32_1.0.0.202411081344/tools/bin/../lib/gcc/arm-none-eabi/13.3.1/../../../../arm-none-eabi/lib/thumb/v7e-m+fp/hard\libnosys.a
END GROUP
START GROUP
LOAD C:/ST/STM32CubeIDE_1.17.0/STM32CubeIDE/plugins/com.st.stm32cube.ide.mcu.externaltools.gnu-tools-for-stm32.13.3.rel1.win32_1.0.0.202411081344/tools/bin/../lib/gcc/arm-none-eabi/13.3.1/thumb/v7e-m+fp/hard\libgcc.a
LOAD C:/ST/STM32CubeIDE_1.17.0/STM32CubeIDE/plugins/com.st.stm32cube.ide.mcu.externaltools.gnu-tools-for-stm32.13.3.rel1.win32_1.0.0.202411081344/tools/bin/../lib/gcc/arm-none-eabi/13.3.1/../../../../arm-none-eabi/lib/thumb/v7e-m+fp/hard\libc_nano.a
LOAD C:/ST/STM32CubeIDE_1.17.0/STM32CubeIDE/plugins/com.st.stm32cube.ide.mcu.externaltools.gnu-tools-for-stm32.13.3.rel1.win32_1.0.0.202411081344/tools/bin/../lib/gcc/arm-none-eabi/13.3.1/../../../../arm-none-eabi/lib/thumb/v7e-m+fp/hard\libnosys.a
END GROUP
LOAD C:/ST/STM32CubeIDE_1.17.0/STM32CubeIDE/plugins/com.st.stm32cube.ide.mcu.externaltools.gnu-tools-for-stm32.13.3.rel1.win32_1.0.0.202411081344/tools/bin/../lib/gcc/arm-none-eabi/13.3.1/thumb/v7e-m+fp/hard/crtend.o
LOAD C:/ST/STM32CubeIDE_1.17.0/STM32CubeIDE/plugins/com.st.stm32cube.ide.mcu.externaltools.gnu-tools-for-stm32.13.3.rel1.win32_1.0.0.202411081344/tools/bin/../lib/gcc/arm-none-eabi/13.3.1/thumb/v7e-m+fp/hard/crtn.o
                0x20020000                        _estack = (ORIGIN (RAM) + LENGTH (RAM))
                0x00000200                        _Min_Heap_Size = 0x200
                0x00000400                        _Min_Stack_Size = 0x400

.isr_vector     0x0800c000      0x1c4
                0x0800c000                        . = ALIGN (0x4)
 *(.isr_vector)
 .isr_vector    0x0800c000      0x1c4 ./Core/Startup/startup_stm32f446retx.o
                0x0800c000                g_pfnVectors
                0x0800c1c4                        . = ALIGN (0x4)

.text           0x0800c1d0     0x8ae8
                0x0800c1d0                        . = ALIGN (0x4)
 *(.text)
 .text          0x0800c1d0       0x40 C:/ST/STM32CubeIDE_1.17.0/STM32CubeIDE/plugins/com.st.stm32cube.ide.mcu.externaltools.gnu-tools-for-stm32.13.3.rel1.win32_1.0.0.202411081344/tools/bin/../lib/gcc/arm-none-eabi/13.3.1/thumb/v7e-m+fp/hard/crtbegin.o
 .text          0x0800c210       0x14 C:/ST/STM32CubeIDE_1.17.0/STM32CubeIDE/plugins/com.st.stm32cube.ide.mcu.externaltools.gnu-tools-for-stm32.13.3.rel1.win32_1.0.0.202411081344/tools/bin/../lib/gcc/arm-none-eabi/13.3.1/../../../../arm-none-eabi/lib/thumb/v7e-m+fp/hard\libc_nano.a(libc_a-strcmp.o)
                0x0800c210                strcmp
 *fill*         0x0800c224        0xc 
 .text          0x0800c230       0xa0 C:/ST/STM32CubeIDE_1.17.0/STM32CubeIDE/plugins/com.st.stm32cube.ide.mcu.externaltools.gnu-tools-for-stm32.13.3.rel1.win32_1.0.0.202411081344/tools/bin/../lib/gcc/arm-none-eabi/13.3.1/../../../../arm-none-eabi/lib/thumb/v7e-m+fp/hard\libc_nano.a(libc_a-memchr.o)
                0x0800c230                memchr
 .text          0x0800c2d0       0x10 C:/ST/STM32CubeIDE_1.17.0/STM32CubeIDE/plugins/com.st.stm32cube.ide.mcu.externaltools.gnu-tools-for-stm32.13.3.rel1.win32_1.0.0.202411081344/tools/bin/../lib/gcc/arm-none-eabi/13.3.1/../../../../arm-none-eabi/lib/thumb/v7e-m+fp/hard\libc_nano.a(libc_a-strlen.o)
                0x0800c2d0                strlen
 .text          0x0800c2e0      0x378 C:/ST/STM32CubeIDE_1.17.0/STM32CubeIDE/plugins/com.st.stm32cube.ide.mcu.externaltools.gnu-tools-for-stm32.13.3.rel1.win32_1.0.0.202411081344/tools/bin/../lib/gcc/arm-none-eabi/13.3.1/thumb/v7e-m+fp/hard\libgcc.a(_arm_addsubdf3.o)
                0x0800c2e0                __aeabi_drsub
                0x0800c2e8                __aeabi_dsub
                0x0800c2e8                __subdf3
                0x0800c2ec                __aeabi_dadd
                0x0800c2ec                __adddf3
                0x0800c564                __floatunsidf
                0x0800c564                __aeabi_ui2d
                0x0800c584                __floatsidf
                0x0800c584                __aeabi_i2d
                0x0800c5a8                __aeabi_f2d
                0x0800c5a8                __extendsfdf2
                0x0800c5ec                __floatundidf
                0x0800c5ec                __aeabi_ul2d
                0x0800c5fc                __floatdidf
                0x0800c5fc                __aeabi_l2d
 .text          0x0800c658      0x424 C:/ST/STM32CubeIDE_1.17.0/STM32CubeIDE/plugins/com.st.stm32cube.ide.mcu.externaltools.gnu-tools-for-stm32.13.3.rel1.win32_1.0.0.202411081344/tools/bin/../lib/gcc/arm-none-eabi/13.3.1/thumb/v7e-m+fp/hard\libgcc.a(_arm_muldivdf3.o)
                0x0800c658                __aeabi_dmul
                0x0800c658                __muldf3
                0x0800c8ac                __divdf3
                0x0800c8ac                __aeabi_ddiv
 .text          0x0800ca7c      0x110 C:/ST/STM32CubeIDE_1.17.0/STM32CubeIDE/plugins/com.st.stm32cube.ide.mcu.externaltools.gnu-tools-for-stm32.13.3.rel1.win32_1.0.0.202411081344/tools/bin/../lib/gcc/arm-none-eabi/13.3.1/thumb/v7e-m+fp/hard\libgcc.a(_arm_cmpdf2.o)
                0x0800ca7c                __gtdf2
                0x0800ca7c                __gedf2
                0x0800ca84                __ltdf2
                0x0800ca84                __ledf2
                0x0800ca8c                __nedf2
                0x0800ca8c                __eqdf2
                0x0800ca8c                __cmpdf2
                0x0800cb08                __aeabi_cdrcmple
                0x0800cb18                __aeabi_cdcmpeq
                0x0800cb18                __aeabi_cdcmple
                0x0800cb28                __aeabi_dcmpeq
                0x0800cb3c                __aeabi_dcmplt
                0x0800cb50                __aeabi_dcmple
                0x0800cb64                __aeabi_dcmpge
                0x0800cb78                __aeabi_dcmpgt
 .text          0x0800cb8c       0x2c C:/ST/STM32CubeIDE_1.17.0/STM32CubeIDE/plugins/com.st.stm32cube.ide.mcu.externaltools.gnu-tools-for-stm32.13.3.rel1.win32_1.0.0.202411081344/tools/bin/../lib/gcc/arm-none-eabi/13.3.1/thumb/v7e-m+fp/hard\libgcc.a(_arm_unorddf2.o)
                0x0800cb8c                __unorddf2
                0x0800cb8c                __aeabi_dcmpun
 .text          0x0800cbb8       0x50 C:/ST/STM32CubeIDE_1.17.0/STM32CubeIDE/plugins/com.st.stm32cube.ide.mcu.externaltools.gnu-tools-for-stm32.13.3.rel1.win32_1.0.0.202411081344/tools/bin/../lib/gcc/arm-none-eabi/13.3.1/thumb/v7e-m+fp/hard\libgcc.a(_arm_fixdfsi.o)
                0x0800cbb8                __aeabi_d2iz
                0x0800cbb8                __fixdfsi
 *(.text*)
 .text.i2c_wait_flag
                0x0800cc08       0x54 ./Core/Src/drivers/I2c.o
 .text.i2c2_write
                0x0800cc5c       0xf0 ./Core/Src/drivers/I2c.o
                0x0800cc5c                i2c2_write
 .text.adc_delay
                0x0800cd4c       0x2a ./Core/Src/drivers/adc.o
 *fill*         0x0800cd76        0x2 
 .text.adc1_init_temp_vref_dma
                0x0800cd78       0xe0 ./Core/Src/drivers/adc.o
                0x0800cd78                adc1_init_temp_vref_dma
 .text.adc_compute_vref
                0x0800ce58       0x54 ./Core/Src/drivers/adc.o
                0x0800ce58                adc_compute_vref
 .text.adc_compute_temperature
                0x0800ceac       0xd0 ./Core/Src/drivers/adc.o
                0x0800ceac                adc_compute_temperature
 .text.cli_print_help
                0x0800cf7c       0x14 ./Core/Src/drivers/cli_commands.o
 .text.cmd_sys  0x0800cf90       0x48 ./Core/Src/drivers/cli_commands.o
 .text.cmd_tasks
                0x0800cfd8       0x1c ./Core/Src/drivers/cli_commands.o
 .text.cmd_heap
                0x0800cff4       0x2c ./Core/Src/drivers/cli_commands.o
 .text.cmd_uptime
                0x0800d020       0x38 ./Core/Src/drivers/cli_commands.o
 .text.cmd_fault_dump
                0x0800d058       0xbc ./Core/Src/drivers/cli_commands.o
 .text.cmd_fault_clear
                0x0800d114       0x18 ./Core/Src/drivers/cli_commands.o
 .text.cmd_reset_info
                0x0800d12c       0x3c ./Core/Src/drivers/cli_commands.o
 .text.cmd_adc  0x0800d168       0x74 ./Core/Src/drivers/cli_commands.o
 .text.cmd_oled
                0x0800d1dc       0x90 ./Core/Src/drivers/cli_commands.o
 .text.cmd_sensor
                0x0800d26c       0x94 ./Core/Src/drivers/cli_commands.o
 .text.cli_dispatch
                0x0800d300      0x14c ./Core/Src/drivers/cli_commands.o
                0x0800d300                cli_dispatch
 .text.__NVIC_EnableIRQ
                0x0800d44c       0x3c ./Core/Src/drivers/dma.o
 .text.__NVIC_SetPriority
                0x0800d488       0x54 ./Core/Src/drivers/dma.o
 .text.dma2_adc1_init
                0x0800d4dc       0x8c ./Core/Src/drivers/dma.o
                0x0800d4dc                dma2_adc1_init
 .text.DMA2_Stream0_IRQHandler
                0x0800d568       0x78 ./Core/Src/drivers/dma.o
                0x0800d568                DMA2_Stream0_IRQHandler
 .text.dwt_init
                0x0800d5e0       0x34 ./Core/Src/drivers/dwt.o
                0x0800d5e0                dwt_init
 .text.gpio_init_led
                0x0800d614       0x3c ./Core/Src/drivers/gpio_driver.o
                0x0800d614                gpio_init_led
 .text.__NVIC_EnableIRQ
                0x0800d650       0x3c ./Core/Src/drivers/gpio_exti.o
 .text.__NVIC_SetPriority
                0x0800d68c       0x54 ./Core/Src/drivers/gpio_exti.o
 .text.GPIO_EXTI_Init
                0x0800d6e0      0x154 ./Core/Src/drivers/gpio_exti.o
                0x0800d6e0                GPIO_EXTI_Init
 .text.EXTI0_IRQHandler
                0x0800d834       0x48 ./Core/Src/drivers/gpio_exti.o
                0x0800d834                EXTI0_IRQHandler
 .text.EXTI9_5_IRQHandler
                0x0800d87c       0x48 ./Core/Src/drivers/gpio_exti.o
                0x0800d87c                EXTI9_5_IRQHandler
 .text.EXTI15_10_IRQHandler
                0x0800d8c4       0x4c ./Core/Src/drivers/gpio_exti.o
                0x0800d8c4                EXTI15_10_IRQHandler
 .text.oled_cmd
                0x0800d910       0x28 ./Core/Src/drivers/oled.o
 .text.oled_data
                0x0800d938       0x28 ./Core/Src/drivers/oled.o
 .text.oled_is_present
                0x0800d960       0x18 ./Core/Src/drivers/oled.o
                0x0800d960                oled_is_present
 .text.oled_init
                0x0800d978       0xcc ./Core/Src/drivers/oled.o
                0x0800d978                oled_init
 .text.oled_clear
                0x0800da44       0x68 ./Core/Src/drivers/oled.o
                0x0800da44                oled_clear
 .text.oled_print
                0x0800daac       0xac ./Core/Src/drivers/oled.o
                0x0800daac                oled_print
 .text.reset_cause_detect
                0x0800db58       0x78 ./Core/Src/drivers/reset_cause.o
                0x0800db58                reset_cause_detect
 .text.reset_cause_get
                0x0800dbd0       0x18 ./Core/Src/drivers/reset_cause.o
                0x0800dbd0                reset_cause_get
 .text.reset_cause_str
                0x0800dbe8       0x5c ./Core/Src/drivers/reset_cause.o
                0x0800dbe8                reset_cause_str
 .text.__NVIC_EnableIRQ
                0x0800dc44       0x3c ./Core/Src/drivers/timer2.o
 .text.__NVIC_SetPriority
                0x0800dc80       0x54 ./Core/Src/drivers/timer2.o
 .text.tim2_init
                0x0800dcd4       0x84 ./Core/Src/drivers/timer2.o
                0x0800dcd4                tim2_init
 .text.TIM2_IRQHandler
                0x0800dd58       0x60 ./Core/Src/drivers/timer2.o
                0x0800dd58                TIM2_IRQHandler
 .text.__NVIC_EnableIRQ
                0x0800ddb8       0x3c ./Core/Src/drivers/uart_driver.o
 .text.__NVIC_SetPriority
                0x0800ddf4       0x54 ./Core/Src/drivers/uart_driver.o
 .text.uart_gpio_init
                0x0800de48       0x60 ./Core/Src/drivers/uart_driver.o
 .text.uart_core_init
                0x0800dea8       0x74 ./Core/Src/drivers/uart_driver.o
 .text.uart_init
                0x0800df1c       0x38 ./Core/Src/drivers/uart_driver.o
                0x0800df1c                uart_init
 .text.uart_send_byte
                0x0800df54       0x30 ./Core/Src/drivers/uart_driver.o
                0x0800df54                uart_send_byte
 .text.uart_send_str
                0x0800df84       0x38 ./Core/Src/drivers/uart_driver.o
                0x0800df84                uart_send_str
 .text.uart_read
                0x0800dfbc       0x58 ./Core/Src/drivers/uart_driver.o
                0x0800dfbc                uart_read
 .text.USART2_IRQHandler
                0x0800e014       0x70 ./Core/Src/drivers/uart_driver.o
                0x0800e014                USART2_IRQHandler
 .text.Watchdog_Init
                0x0800e084       0x38 ./Core/Src/drivers/watchdog.o
                0x0800e084                Watchdog_Init
 .text.Watchdog_Feed
                0x0800e0bc       0x1c ./Core/Src/drivers/watchdog.o
                0x0800e0bc                Watchdog_Feed
 .text.fault_record_is_valid
                0x0800e0d8       0x28 ./Core/Src/fault/fault_record.o
                0x0800e0d8                fault_record_is_valid
 .text.fault_record_clear
                0x0800e100       0x18 ./Core/Src/fault/fault_record.o
                0x0800e100                fault_record_clear
 .text.__NVIC_SystemReset
                0x0800e118       0x2c ./Core/Src/fault/hardfault.o
 .text.HardFault_Handler
                0x0800e144       0x14 ./Core/Src/fault/hardfault.o
                0x0800e144                HardFault_Handler
 .text.hardfault_c
                0x0800e158       0xa8 ./Core/Src/fault/hardfault.o
 .text.vApplicationGetIdleTaskMemory
                0x0800e200       0x34 ./Core/Src/freertos.o
                0x0800e200                vApplicationGetIdleTaskMemory
 .text.main     0x0800e234       0x60 ./Core/Src/main.o
                0x0800e234                main
 .text.NMI_Handler
                0x0800e294        0x8 ./Core/Src/stm32f4xx_it.o
                0x0800e294                NMI_Handler
 .text.MemManage_Handler
                0x0800e29c        0x8 ./Core/Src/stm32f4xx_it.o
                0x0800e29c                MemManage_Handler
 .text.BusFault_Handler
                0x0800e2a4        0x8 ./Core/Src/stm32f4xx_it.o
                0x0800e2a4                BusFault_Handler
 .text.UsageFault_Handler
                0x0800e2ac        0x8 ./Core/Src/stm32f4xx_it.o
                0x0800e2ac                UsageFault_Handler
 .text.DebugMon_Handler
                0x0800e2b4        0xe ./Core/Src/stm32f4xx_it.o
                0x0800e2b4                DebugMon_Handler
 .text.SysTick_Handler
                0x0800e2c2       0x1a ./Core/Src/stm32f4xx_it.o
                0x0800e2c2                SysTick_Handler
 .text._getpid  0x0800e2dc       0x10 ./Core/Src/syscalls.o
                0x0800e2dc                _getpid
 .text._kill    0x0800e2ec       0x20 ./Core/Src/syscalls.o
                0x0800e2ec                _kill
 .text._exit    0x0800e30c       0x16 ./Core/Src/syscalls.o
                0x0800e30c                _exit
 .text._read    0x0800e322       0x3a ./Core/Src/syscalls.o
                0x0800e322                _read
 .text._write   0x0800e35c       0x38 ./Core/Src/syscalls.o
                0x0800e35c                _write
 .text._close   0x0800e394       0x18 ./Core/Src/syscalls.o
                0x0800e394                _close
 .text._fstat   0x0800e3ac       0x20 ./Core/Src/syscalls.o
                0x0800e3ac                _fstat
 .text._isatty  0x0800e3cc       0x16 ./Core/Src/syscalls.o
                0x0800e3cc                _isatty
 .text._lseek   0x0800e3e2       0x1a ./Core/Src/syscalls.o
                0x0800e3e2                _lseek
 .text._sbrk    0x0800e3fc       0x6c ./Core/Src/sysmem.o
                0x0800e3fc                _sbrk
 .text.SystemInit
                0x0800e468       0x24 ./Core/Src/system_stm32f4xx.o
                0x0800e468                SystemInit
 .text.rtos_start
                0x0800e48c      0x250 ./Core/Src/rtos/freertos_init.o
                0x0800e48c                rtos_start
 .text.Heartbeat_CLI
                0x0800e6dc       0x20 ./Core/Src/rtos/health_manager.o
                0x0800e6dc                Heartbeat_CLI
 .text.Heartbeat_Sensor
                0x0800e6fc       0x20 ./Core/Src/rtos/health_manager.o
                0x0800e6fc                Heartbeat_Sensor
 .text.Heartbeat_ADC
                0x0800e71c       0x20 ./Core/Src/rtos/health_manager.o
                0x0800e71c                Heartbeat_ADC
 .text.Heartbeat_OLED
                0x0800e73c       0x20 ./Core/Src/rtos/health_manager.o
                0x0800e73c                Heartbeat_OLED
 .text.HealthMonitor_Task
                0x0800e75c       0x4c ./Core/Src/rtos/health_manager.o
                0x0800e75c                HealthMonitor_Task
 .text.ADC_Task
                0x0800e7a8       0x5c ./Core/Src/rtos/task_adc.o
                0x0800e7a8                ADC_Task
 .text.CLI_Task
                0x0800e804       0xbc ./Core/Src/rtos/task_cli.o
                0x0800e804                CLI_Task
 .text.uprintf  0x0800e8c0       0x44 ./Core/Src/rtos/task_oled.o
 .text.OLED_Task
                0x0800e904       0x70 ./Core/Src/rtos/task_oled.o
                0x0800e904                OLED_Task
 .text.OLED_PrintAsync
                0x0800e974       0x50 ./Core/Src/rtos/task_oled.o
                0x0800e974                OLED_PrintAsync
 .text.uprintf  0x0800e9c4       0x44 ./Core/Src/rtos/task_sensors.o
 .text.Sensors_Task
                0x0800ea08       0xb0 ./Core/Src/rtos/task_sensors.o
                0x0800ea08                Sensors_Task
 .text.Sensors_ISR_Handler
                0x0800eab8       0x98 ./Core/Src/rtos/task_sensors.o
                0x0800eab8                Sensors_ISR_Handler
 .text.uprintf  0x0800eb50       0x44 ./Core/Src/rtos/task_start.o
 .text.Start_Peripherals_Task
                0x0800eb94       0x48 ./Core/Src/rtos/task_start.o
                0x0800eb94                Start_Peripherals_Task
 .text.Reset_Handler
                0x0800ebdc       0x50 ./Core/Startup/startup_stm32f446retx.o
                0x0800ebdc                Reset_Handler
 .text.Default_Handler
                0x0800ec2c        0x2 ./Core/Startup/startup_stm32f446retx.o
                0x0800ec2c                RTC_Alarm_IRQHandler
                0x0800ec2c                EXTI2_IRQHandler
                0x0800ec2c                TIM8_CC_IRQHandler
                0x0800ec2c                FMPI2C1_EV_IRQHandler
                0x0800ec2c                SPI4_IRQHandler
                0x0800ec2c                TIM1_CC_IRQHandler
                0x0800ec2c                DMA2_Stream5_IRQHandler
                0x0800ec2c                DMA1_Stream5_IRQHandler
                0x0800ec2c                PVD_IRQHandler
                0x0800ec2c                SDIO_IRQHandler
                0x0800ec2c                TAMP_STAMP_IRQHandler
                0x0800ec2c                CAN2_RX1_IRQHandler
                0x0800ec2c                EXTI3_IRQHandler
                0x0800ec2c                TIM8_TRG_COM_TIM14_IRQHandler
                0x0800ec2c                TIM1_UP_TIM10_IRQHandler
                0x0800ec2c                TIM8_UP_TIM13_IRQHandler
                0x0800ec2c                I2C3_ER_IRQHandler
                0x0800ec2c                I2C2_EV_IRQHandler
                0x0800ec2c                DMA1_Stream2_IRQHandler
                0x0800ec2c                CAN1_RX0_IRQHandler
                0x0800ec2c                FPU_IRQHandler
                0x0800ec2c                OTG_HS_WKUP_IRQHandler
                0x0800ec2c                CAN2_SCE_IRQHandler
                0x0800ec2c                DMA2_Stream2_IRQHandler
                0x0800ec2c                SPI1_IRQHandler
                0x0800ec2c                TIM6_DAC_IRQHandler
                0x0800ec2c                TIM1_BRK_TIM9_IRQHandler
                0x0800ec2c                DCMI_IRQHandler
                0x0800ec2c                CAN2_RX0_IRQHandler
                0x0800ec2c                DMA2_Stream3_IRQHandler
                0x0800ec2c                SAI2_IRQHandler
                0x0800ec2c                USART6_IRQHandler
                0x0800ec2c                USART3_IRQHandler
                0x0800ec2c                CAN1_RX1_IRQHandler
                0x0800ec2c                UART5_IRQHandler
                0x0800ec2c                TIM4_IRQHandler
                0x0800ec2c                QUADSPI_IRQHandler
                0x0800ec2c                I2C1_EV_IRQHandler
                0x0800ec2c                DMA1_Stream6_IRQHandler
                0x0800ec2c                DMA1_Stream1_IRQHandler
                0x0800ec2c                UART4_IRQHandler
                0x0800ec2c                TIM3_IRQHandler
                0x0800ec2c                RCC_IRQHandler
                0x0800ec2c                TIM8_BRK_TIM12_IRQHandler
                0x0800ec2c                Default_Handler
                0x0800ec2c                CEC_IRQHandler
                0x0800ec2c                ADC_IRQHandler
                0x0800ec2c                DMA1_Stream7_IRQHandler
                0x0800ec2c                TIM7_IRQHandler
                0x0800ec2c                CAN2_TX_IRQHandler
                0x0800ec2c                TIM5_IRQHandler
                0x0800ec2c                DMA2_Stream7_IRQHandler
                0x0800ec2c                I2C3_EV_IRQHandler
                0x0800ec2c                RTC_WKUP_IRQHandler
                0x0800ec2c                SPDIF_RX_IRQHandler
                0x0800ec2c                SPI2_IRQHandler
                0x0800ec2c                OTG_HS_EP1_IN_IRQHandler
                0x0800ec2c                DMA1_Stream0_IRQHandler
                0x0800ec2c                CAN1_TX_IRQHandler
                0x0800ec2c                FMPI2C1_ER_IRQHandler
                0x0800ec2c                EXTI4_IRQHandler
                0x0800ec2c                OTG_HS_EP1_OUT_IRQHandler
                0x0800ec2c                WWDG_IRQHandler
                0x0800ec2c                OTG_FS_WKUP_IRQHandler
                0x0800ec2c                TIM1_TRG_COM_TIM11_IRQHandler
                0x0800ec2c                OTG_HS_IRQHandler
                0x0800ec2c                EXTI1_IRQHandler
                0x0800ec2c                I2C2_ER_IRQHandler
                0x0800ec2c                DMA2_Stream1_IRQHandler
                0x0800ec2c                CAN1_SCE_IRQHandler
                0x0800ec2c                FLASH_IRQHandler
                0x0800ec2c                DMA2_Stream4_IRQHandler
                0x0800ec2c                USART1_IRQHandler
                0x0800ec2c                OTG_FS_IRQHandler
                0x0800ec2c                SPI3_IRQHandler
                0x0800ec2c                DMA1_Stream4_IRQHandler
                0x0800ec2c                I2C1_ER_IRQHandler
                0x0800ec2c                FMC_IRQHandler
                0x0800ec2c                DMA2_Stream6_IRQHandler
                0x0800ec2c                SAI1_IRQHandler
                0x0800ec2c                DMA1_Stream3_IRQHandler
 *fill*         0x0800ec2e        0x2 
 .text.HAL_IncTick
                0x0800ec30       0x28 ./Drivers/STM32F4xx_HAL_Driver/Src/stm32f4xx_hal.o
                0x0800ec30                HAL_IncTick
 .text.vListInitialise
                0x0800ec58       0x40 ./Middlewares/Third_Party/FreeRTOS/Source/list.o
                0x0800ec58                vListInitialise
 .text.vListInitialiseItem
                0x0800ec98       0x1a ./Middlewares/Third_Party/FreeRTOS/Source/list.o
                0x0800ec98                vListInitialiseItem
 .text.vListInsertEnd
                0x0800ecb2       0x48 ./Middlewares/Third_Party/FreeRTOS/Source/list.o
                0x0800ecb2                vListInsertEnd
 .text.vListInsert
                0x0800ecfa       0x72 ./Middlewares/Third_Party/FreeRTOS/Source/list.o
                0x0800ecfa                vListInsert
 .text.uxListRemove
                0x0800ed6c       0x54 ./Middlewares/Third_Party/FreeRTOS/Source/list.o
                0x0800ed6c                uxListRemove
 .text.xQueueGenericReset
                0x0800edc0       0xd4 ./Middlewares/Third_Party/FreeRTOS/Source/queue.o
                0x0800edc0                xQueueGenericReset
 .text.xQueueGenericCreate
                0x0800ee94       0x76 ./Middlewares/Third_Party/FreeRTOS/Source/queue.o
                0x0800ee94                xQueueGenericCreate
 .text.prvInitialiseNewQueue
                0x0800ef0a       0x46 ./Middlewares/Third_Party/FreeRTOS/Source/queue.o
 .text.prvInitialiseMutex
                0x0800ef50       0x34 ./Middlewares/Third_Party/FreeRTOS/Source/queue.o
 .text.xQueueCreateMutex
                0x0800ef84       0x30 ./Middlewares/Third_Party/FreeRTOS/Source/queue.o
                0x0800ef84                xQueueCreateMutex
 .text.xQueueGenericSend
                0x0800efb4      0x204 ./Middlewares/Third_Party/FreeRTOS/Source/queue.o
                0x0800efb4                xQueueGenericSend
 .text.xQueueGenericSendFromISR
                0x0800f1b8      0x13c ./Middlewares/Third_Party/FreeRTOS/Source/queue.o
                0x0800f1b8                xQueueGenericSendFromISR
 .text.xQueueReceive
                0x0800f2f4      0x1c4 ./Middlewares/Third_Party/FreeRTOS/Source/queue.o
                0x0800f2f4                xQueueReceive
 .text.xQueueSemaphoreTake
                0x0800f4b8      0x220 ./Middlewares/Third_Party/FreeRTOS/Source/queue.o
                0x0800f4b8                xQueueSemaphoreTake
 .text.prvGetDisinheritPriorityAfterTimeout
                0x0800f6d8       0x30 ./Middlewares/Third_Party/FreeRTOS/Source/queue.o
 .text.prvCopyDataToQueue
                0x0800f708       0xd4 ./Middlewares/Third_Party/FreeRTOS/Source/queue.o
 .text.prvCopyDataFromQueue
                0x0800f7dc       0x4c ./Middlewares/Third_Party/FreeRTOS/Source/queue.o
 .text.prvUnlockQueue
                0x0800f828       0xa4 ./Middlewares/Third_Party/FreeRTOS/Source/queue.o
 .text.prvIsQueueEmpty
                0x0800f8cc       0x2c ./Middlewares/Third_Party/FreeRTOS/Source/queue.o
 .text.prvIsQueueFull
                0x0800f8f8       0x30 ./Middlewares/Third_Party/FreeRTOS/Source/queue.o
 .text.xTaskCreateStatic
                0x0800f928       0xc0 ./Middlewares/Third_Party/FreeRTOS/Source/tasks.o
                0x0800f928                xTaskCreateStatic
 .text.xTaskCreate
                0x0800f9e8       0x8a ./Middlewares/Third_Party/FreeRTOS/Source/tasks.o
                0x0800f9e8                xTaskCreate
 .text.prvInitialiseNewTask
                0x0800fa72      0x126 ./Middlewares/Third_Party/FreeRTOS/Source/tasks.o
 .text.prvAddNewTaskToReadyList
                0x0800fb98       0xdc ./Middlewares/Third_Party/FreeRTOS/Source/tasks.o
 .text.vTaskDelete
                0x0800fc74      0x120 ./Middlewares/Third_Party/FreeRTOS/Source/tasks.o
                0x0800fc74                vTaskDelete
 .text.vTaskDelay
                0x0800fd94       0x6c ./Middlewares/Third_Party/FreeRTOS/Source/tasks.o
                0x0800fd94                vTaskDelay
 .text.vTaskStartScheduler
                0x0800fe00       0xc4 ./Middlewares/Third_Party/FreeRTOS/Source/tasks.o
                0x0800fe00                vTaskStartScheduler
 .text.vTaskSuspendAll
                0x0800fec4       0x1c ./Middlewares/Third_Party/FreeRTOS/Source/tasks.o
                0x0800fec4                vTaskSuspendAll
 .text.xTaskResumeAll
                0x0800fee0      0x13c ./Middlewares/Third_Party/FreeRTOS/Source/tasks.o
                0x0800fee0                xTaskResumeAll
 .text.xTaskGetTickCount
                0x0801001c       0x20 ./Middlewares/Third_Party/FreeRTOS/Source/tasks.o
                0x0801001c                xTaskGetTickCount
 .text.xTaskGetTickCountFromISR
                0x0801003c       0x24 ./Middlewares/Third_Party/FreeRTOS/Source/tasks.o
                0x0801003c                xTaskGetTickCountFromISR
 .text.uxTaskGetNumberOfTasks
                0x08010060       0x18 ./Middlewares/Third_Party/FreeRTOS/Source/tasks.o
                0x08010060                uxTaskGetNumberOfTasks
 .text.xTaskIncrementTick
                0x08010078      0x174 ./Middlewares/Third_Party/FreeRTOS/Source/tasks.o
                0x08010078                xTaskIncrementTick
 .text.vTaskSwitchContext
                0x080101ec       0xf0 ./Middlewares/Third_Party/FreeRTOS/Source/tasks.o
                0x080101ec                vTaskSwitchContext
 .text.vTaskPlaceOnEventList
                0x080102dc       0x4c ./Middlewares/Third_Party/FreeRTOS/Source/tasks.o
                0x080102dc                vTaskPlaceOnEventList
 .text.xTaskRemoveFromEventList
                0x08010328       0xc8 ./Middlewares/Third_Party/FreeRTOS/Source/tasks.o
                0x08010328                xTaskRemoveFromEventList
 .text.vTaskInternalSetTimeOutState
                0x080103f0       0x2c ./Middlewares/Third_Party/FreeRTOS/Source/tasks.o
                0x080103f0                vTaskInternalSetTimeOutState
 .text.xTaskCheckForTimeOut
                0x0801041c       0xc8 ./Middlewares/Third_Party/FreeRTOS/Source/tasks.o
                0x0801041c                xTaskCheckForTimeOut
 .text.vTaskMissedYield
                0x080104e4       0x18 ./Middlewares/Third_Party/FreeRTOS/Source/tasks.o
                0x080104e4                vTaskMissedYield
 .text.prvIdleTask
                0x080104fc       0x30 ./Middlewares/Third_Party/FreeRTOS/Source/tasks.o
 .text.prvInitialiseTaskLists
                0x0801052c       0x80 ./Middlewares/Third_Party/FreeRTOS/Source/tasks.o
 .text.prvCheckTasksWaitingTermination
                0x080105ac       0x5c ./Middlewares/Third_Party/FreeRTOS/Source/tasks.o
 .text.prvDeleteTCB
                0x08010608       0x60 ./Middlewares/Third_Party/FreeRTOS/Source/tasks.o
 .text.prvResetNextTaskUnblockTime
                0x08010668       0x40 ./Middlewares/Third_Party/FreeRTOS/Source/tasks.o
 .text.xTaskGetCurrentTaskHandle
                0x080106a8       0x20 ./Middlewares/Third_Party/FreeRTOS/Source/tasks.o
                0x080106a8                xTaskGetCurrentTaskHandle
 .text.xTaskGetSchedulerState
                0x080106c8       0x3c ./Middlewares/Third_Party/FreeRTOS/Source/tasks.o
                0x080106c8                xTaskGetSchedulerState
 .text.xTaskPriorityInherit
                0x08010704       0xec ./Middlewares/Third_Party/FreeRTOS/Source/tasks.o
                0x08010704                xTaskPriorityInherit
 .text.xTaskPriorityDisinherit
                0x080107f0      0x110 ./Middlewares/Third_Party/FreeRTOS/Source/tasks.o
                0x080107f0                xTaskPriorityDisinherit
 .text.vTaskPriorityDisinheritAfterTimeout
                0x08010900      0x120 ./Middlewares/Third_Party/FreeRTOS/Source/tasks.o
                0x08010900                vTaskPriorityDisinheritAfterTimeout
 .text.pvTaskIncrementMutexHeldCount
                0x08010a20       0x28 ./Middlewares/Third_Party/FreeRTOS/Source/tasks.o
                0x08010a20                pvTaskIncrementMutexHeldCount
 .text.ulTaskNotifyTake
                0x08010a48       0x90 ./Middlewares/Third_Party/FreeRTOS/Source/tasks.o
                0x08010a48                ulTaskNotifyTake
 .text.vTaskNotifyGiveFromISR
                0x08010ad8      0x128 ./Middlewares/Third_Party/FreeRTOS/Source/tasks.o
                0x08010ad8                vTaskNotifyGiveFromISR
 .text.prvAddCurrentTaskToDelayedList
                0x08010c00       0xcc ./Middlewares/Third_Party/FreeRTOS/Source/tasks.o
 .text.pxPortInitialiseStack
                0x08010ccc       0x68 ./Middlewares/Third_Party/FreeRTOS/Source/portable/GCC/ARM_CM4F/port.o
                0x08010ccc                pxPortInitialiseStack
 .text.prvTaskExitError
                0x08010d34       0x5c ./Middlewares/Third_Party/FreeRTOS/Source/portable/GCC/ARM_CM4F/port.o
 .text.SVC_Handler
                0x08010d90       0x28 ./Middlewares/Third_Party/FreeRTOS/Source/portable/GCC/ARM_CM4F/port.o
                0x08010d90                SVC_Handler
 .text.prvPortStartFirstTask
                0x08010db8       0x28 ./Middlewares/Third_Party/FreeRTOS/Source/portable/GCC/ARM_CM4F/port.o
 .text.xPortStartScheduler
                0x08010de0      0x148 ./Middlewares/Third_Party/FreeRTOS/Source/portable/GCC/ARM_CM4F/port.o
                0x08010de0                xPortStartScheduler
 .text.vPortEnterCritical
                0x08010f28       0x64 ./Middlewares/Third_Party/FreeRTOS/Source/portable/GCC/ARM_CM4F/port.o
                0x08010f28                vPortEnterCritical
 .text.vPortExitCritical
                0x08010f8c       0x54 ./Middlewares/Third_Party/FreeRTOS/Source/portable/GCC/ARM_CM4F/port.o
                0x08010f8c                vPortExitCritical
 .text.PendSV_Handler
                0x08010fe0       0x68 ./Middlewares/Third_Party/FreeRTOS/Source/portable/GCC/ARM_CM4F/port.o
                0x08010fe0                PendSV_Handler
 .text.xPortSysTickHandler
                0x08011048       0x44 ./Middlewares/Third_Party/FreeRTOS/Source/portable/GCC/ARM_CM4F/port.o
                0x08011048                xPortSysTickHandler
 .text.vPortSetupTimerInterrupt
                0x0801108c       0x48 ./Middlewares/Third_Party/FreeRTOS/Source/portable/GCC/ARM_CM4F/port.o
                0x0801108c                vPortSetupTimerInterrupt
 .text.vPortEnableVFP
                0x080110d4       0x14 ./Middlewares/Third_Party/FreeRTOS/Source/portable/GCC/ARM_CM4F/port.o
 .text.vPortValidateInterruptPriority
                0x080110e8       0x84 ./Middlewares/Third_Party/FreeRTOS/Source/portable/GCC/ARM_CM4F/port.o
                0x080110e8                vPortValidateInterruptPriority
 .text.pvPortMalloc
                0x0801116c      0x19c ./Middlewares/Third_Party/FreeRTOS/Source/portable/MemMang/heap_4.o
                0x0801116c                pvPortMalloc
 .text.vPortFree
                0x08011308       0xc8 ./Middlewares/Third_Party/FreeRTOS/Source/portable/MemMang/heap_4.o
                0x08011308                vPortFree
 .text.xPortGetFreeHeapSize
                0x080113d0       0x18 ./Middlewares/Third_Party/FreeRTOS/Source/portable/MemMang/heap_4.o
                0x080113d0                xPortGetFreeHeapSize
 .text.prvHeapInit
                0x080113e8       0xc4 ./Middlewares/Third_Party/FreeRTOS/Source/portable/MemMang/heap_4.o
 .text.prvInsertBlockIntoFreeList
                0x080114ac       0xb4 ./Middlewares/Third_Party/FreeRTOS/Source/portable/MemMang/heap_4.o
 .text.__cvt    0x08011560       0xca C:/ST/STM32CubeIDE_1.17.0/STM32CubeIDE/plugins/com.st.stm32cube.ide.mcu.externaltools.gnu-tools-for-stm32.13.3.rel1.win32_1.0.0.202411081344/tools/bin/../lib/gcc/arm-none-eabi/13.3.1/../../../../arm-none-eabi/lib/thumb/v7e-m+fp/hard\libc_nano.a(libc_a-nano-vfprintf_float.o)
                0x08011560                __cvt
 .text.__exponent
                0x0801162a       0x74 C:/ST/STM32CubeIDE_1.17.0/STM32CubeIDE/plugins/com.st.stm32cube.ide.mcu.externaltools.gnu-tools-for-stm32.13.3.rel1.win32_1.0.0.202411081344/tools/bin/../lib/gcc/arm-none-eabi/13.3.1/../../../../arm-none-eabi/lib/thumb/v7e-m+fp/hard\libc_nano.a(libc_a-nano-vfprintf_float.o)
                0x0801162a                __exponent
 *fill*         0x0801169e        0x2 
 .text._printf_float
                0x080116a0      0x454 C:/ST/STM32CubeIDE_1.17.0/STM32CubeIDE/plugins/com.st.stm32cube.ide.mcu.externaltools.gnu-tools-for-stm32.13.3.rel1.win32_1.0.0.202411081344/tools/bin/../lib/gcc/arm-none-eabi/13.3.1/../../../../arm-none-eabi/lib/thumb/v7e-m+fp/hard\libc_nano.a(libc_a-nano-vfprintf_float.o)
                0x080116a0                _printf_float
 .text._printf_common
                0x08011af4       0xda C:/ST/STM32CubeIDE_1.17.0/STM32CubeIDE/plugins/com.st.stm32cube.ide.mcu.externaltools.gnu-tools-for-stm32.13.3.rel1.win32_1.0.0.202411081344/tools/bin/../lib/gcc/arm-none-eabi/13.3.1/../../../../arm-none-eabi/lib/thumb/v7e-m+fp/hard\libc_nano.a(libc_a-nano-vfprintf_i.o)
                0x08011af4                _printf_common
 *fill*         0x08011bce        0x2 
 .text._printf_i
                0x08011bd0      0x23c C:/ST/STM32CubeIDE_1.17.0/STM32CubeIDE/plugins/com.st.stm32cube.ide.mcu.externaltools.gnu-tools-for-stm32.13.3.rel1.win32_1.0.0.202411081344/tools/bin/../lib/gcc/arm-none-eabi/13.3.1/../../../../arm-none-eabi/lib/thumb/v7e-m+fp/hard\libc_nano.a(libc_a-nano-vfprintf_i.o)
                0x08011bd0                _printf_i
 .text.std      0x08011e0c       0x6c C:/ST/STM32CubeIDE_1.17.0/STM32CubeIDE/plugins/com.st.stm32cube.ide.mcu.externaltools.gnu-tools-for-stm32.13.3.rel1.win32_1.0.0.202411081344/tools/bin/../lib/gcc/arm-none-eabi/13.3.1/../../../../arm-none-eabi/lib/thumb/v7e-m+fp/hard\libc_nano.a(libc_a-findfp.o)
 .text.stdio_exit_handler
                0x08011e78       0x18 C:/ST/STM32CubeIDE_1.17.0/STM32CubeIDE/plugins/com.st.stm32cube.ide.mcu.externaltools.gnu-tools-for-stm32.13.3.rel1.win32_1.0.0.202411081344/tools/bin/../lib/gcc/arm-none-eabi/13.3.1/../../../../arm-none-eabi/lib/thumb/v7e-m+fp/hard\libc_nano.a(libc_a-findfp.o)
 .text.cleanup_stdio
                0x08011e90       0x40 C:/ST/STM32CubeIDE_1.17.0/STM32CubeIDE/plugins/com.st.stm32cube.ide.mcu.externaltools.gnu-tools-for-stm32.13.3.rel1.win32_1.0.0.202411081344/tools/bin/../lib/gcc/arm-none-eabi/13.3.1/../../../../arm-none-eabi/lib/thumb/v7e-m+fp/hard\libc_nano.a(libc_a-findfp.o)
 .text.global_stdio_init.part.0
                0x08011ed0       0x3c C:/ST/STM32CubeIDE_1.17.0/STM32CubeIDE/plugins/com.st.stm32cube.ide.mcu.externaltools.gnu-tools-for-stm32.13.3.rel1.win32_1.0.0.202411081344/tools/bin/../lib/gcc/arm-none-eabi/13.3.1/../../../../arm-none-eabi/lib/thumb/v7e-m+fp/hard\libc_nano.a(libc_a-findfp.o)
 .text.__sfp_lock_acquire
                0x08011f0c        0xc C:/ST/STM32CubeIDE_1.17.0/STM32CubeIDE/plugins/com.st.stm32cube.ide.mcu.externaltools.gnu-tools-for-stm32.13.3.rel1.win32_1.0.0.202411081344/tools/bin/../lib/gcc/arm-none-eabi/13.3.1/../../../../arm-none-eabi/lib/thumb/v7e-m+fp/hard\libc_nano.a(libc_a-findfp.o)
                0x08011f0c                __sfp_lock_acquire
 .text.__sfp_lock_release
                0x08011f18        0xc C:/ST/STM32CubeIDE_1.17.0/STM32CubeIDE/plugins/com.st.stm32cube.ide.mcu.externaltools.gnu-tools-for-stm32.13.3.rel1.win32_1.0.0.202411081344/tools/bin/../lib/gcc/arm-none-eabi/13.3.1/../../../../arm-none-eabi/lib/thumb/v7e-m+fp/hard\libc_nano.a(libc_a-findfp.o)
                0x08011f18                __sfp_lock_release
 .text.__sinit  0x08011f24       0x30 C:/ST/STM32CubeIDE_1.17.0/STM32CubeIDE/plugins/com.st.stm32cube.ide.mcu.externaltools.gnu-tools-for-stm32.13.3.rel1.win32_1.0.0.202411081344/tools/bin/../lib/gcc/arm-none-eabi/13.3.1/../../../../arm-none-eabi/lib/thumb/v7e-m+fp/hard\libc_nano.a(libc_a-findfp.o)
                0x08011f24                __sinit
 .text._fwalk_sglue
                0x08011f54       0x3c C:/ST/STM32CubeIDE_1.17.0/STM32CubeIDE/plugins/com.st.stm32cube.ide.mcu.externaltools.gnu-tools-for-stm32.13.3.rel1.win32_1.0.0.202411081344/tools/bin/../lib/gcc/arm-none-eabi/13.3.1/../../../../arm-none-eabi/lib/thumb/v7e-m+fp/hard\libc_nano.a(libc_a-fwalk.o)
                0x08011f54                _fwalk_sglue
 .text.printf   0x08011f90       0x24 C:/ST/STM32CubeIDE_1.17.0/STM32CubeIDE/plugins/com.st.stm32cube.ide.mcu.externaltools.gnu-tools-for-stm32.13.3.rel1.win32_1.0.0.202411081344/tools/bin/../lib/gcc/arm-none-eabi/13.3.1/../../../../arm-none-eabi/lib/thumb/v7e-m+fp/hard\libc_nano.a(libc_a-printf.o)
                0x08011f90                iprintf
                0x08011f90                printf
 .text.snprintf
                0x08011fb4       0x6c C:/ST/STM32CubeIDE_1.17.0/STM32CubeIDE/plugins/com.st.stm32cube.ide.mcu.externaltools.gnu-tools-for-stm32.13.3.rel1.win32_1.0.0.202411081344/tools/bin/../lib/gcc/arm-none-eabi/13.3.1/../../../../arm-none-eabi/lib/thumb/v7e-m+fp/hard\libc_nano.a(libc_a-snprintf.o)
                0x08011fb4                sniprintf
                0x08011fb4                snprintf
 .text.sscanf   0x08012020       0x58 C:/ST/STM32CubeIDE_1.17.0/STM32CubeIDE/plugins/com.st.stm32cube.ide.mcu.externaltools.gnu-tools-for-stm32.13.3.rel1.win32_1.0.0.202411081344/tools/bin/../lib/gcc/arm-none-eabi/13.3.1/../../../../arm-none-eabi/lib/thumb/v7e-m+fp/hard\libc_nano.a(libc_a-sscanf.o)
                0x08012020                siscanf
                0x08012020                sscanf
 .text.__sread  0x08012078       0x22 C:/ST/STM32CubeIDE_1.17.0/STM32CubeIDE/plugins/com.st.stm32cube.ide.mcu.externaltools.gnu-tools-for-stm32.13.3.rel1.win32_1.0.0.202411081344/tools/bin/../lib/gcc/arm-none-eabi/13.3.1/../../../../arm-none-eabi/lib/thumb/v7e-m+fp/hard\libc_nano.a(libc_a-stdio.o)
                0x08012078                __sread
 .text.__seofread
                0x0801209a        0x4 C:/ST/STM32CubeIDE_1.17.0/STM32CubeIDE/plugins/com.st.stm32cube.ide.mcu.externaltools.gnu-tools-for-stm32.13.3.rel1.win32_1.0.0.202411081344/tools/bin/../lib/gcc/arm-none-eabi/13.3.1/../../../../arm-none-eabi/lib/thumb/v7e-m+fp/hard\libc_nano.a(libc_a-stdio.o)
                0x0801209a                __seofread
 .text.__swrite
                0x0801209e       0x38 C:/ST/STM32CubeIDE_1.17.0/STM32CubeIDE/plugins/com.st.stm32cube.ide.mcu.externaltools.gnu-tools-for-stm32.13.3.rel1.win32_1.0.0.202411081344/tools/bin/../lib/gcc/arm-none-eabi/13.3.1/../../../../arm-none-eabi/lib/thumb/v7e-m+fp/hard\libc_nano.a(libc_a-stdio.o)
                0x0801209e                __swrite
 .text.__sseek  0x080120d6       0x24 C:/ST/STM32CubeIDE_1.17.0/STM32CubeIDE/plugins/com.st.stm32cube.ide.mcu.externaltools.gnu-tools-for-stm32.13.3.rel1.win32_1.0.0.202411081344/tools/bin/../lib/gcc/arm-none-eabi/13.3.1/../../../../arm-none-eabi/lib/thumb/v7e-m+fp/hard\libc_nano.a(libc_a-stdio.o)
                0x080120d6                __sseek
 .text.__sclose
                0x080120fa        0x8 C:/ST/STM32CubeIDE_1.17.0/STM32CubeIDE/plugins/com.st.stm32cube.ide.mcu.externaltools.gnu-tools-for-stm32.13.3.rel1.win32_1.0.0.202411081344/tools/bin/../lib/gcc/arm-none-eabi/13.3.1/../../../../arm-none-eabi/lib/thumb/v7e-m+fp/hard\libc_nano.a(libc_a-stdio.o)
                0x080120fa                __sclose
 .text.memset   0x08012102       0x10 C:/ST/STM32CubeIDE_1.17.0/STM32CubeIDE/plugins/com.st.stm32cube.ide.mcu.externaltools.gnu-tools-for-stm32.13.3.rel1.win32_1.0.0.202411081344/tools/bin/../lib/gcc/arm-none-eabi/13.3.1/../../../../arm-none-eabi/lib/thumb/v7e-m+fp/hard\libc_nano.a(libc_a-memset.o)
                0x08012102                memset
 .text.strncmp  0x08012112       0x24 C:/ST/STM32CubeIDE_1.17.0/STM32CubeIDE/plugins/com.st.stm32cube.ide.mcu.externaltools.gnu-tools-for-stm32.13.3.rel1.win32_1.0.0.202411081344/tools/bin/../lib/gcc/arm-none-eabi/13.3.1/../../../../arm-none-eabi/lib/thumb/v7e-m+fp/hard\libc_nano.a(libc_a-strncmp.o)
                0x08012112                strncmp
 .text.strncpy  0x08012136       0x26 C:/ST/STM32CubeIDE_1.17.0/STM32CubeIDE/plugins/com.st.stm32cube.ide.mcu.externaltools.gnu-tools-for-stm32.13.3.rel1.win32_1.0.0.202411081344/tools/bin/../lib/gcc/arm-none-eabi/13.3.1/../../../../arm-none-eabi/lib/thumb/v7e-m+fp/hard\libc_nano.a(libc_a-strncpy.o)
                0x08012136                strncpy
 .text.strtok   0x0801215c       0x68 C:/ST/STM32CubeIDE_1.17.0/STM32CubeIDE/plugins/com.st.stm32cube.ide.mcu.externaltools.gnu-tools-for-stm32.13.3.rel1.win32_1.0.0.202411081344/tools/bin/../lib/gcc/arm-none-eabi/13.3.1/../../../../arm-none-eabi/lib/thumb/v7e-m+fp/hard\libc_nano.a(libc_a-strtok.o)
                0x0801215c                strtok
 .text.__strtok_r
                0x080121c4       0x50 C:/ST/STM32CubeIDE_1.17.0/STM32CubeIDE/plugins/com.st.stm32cube.ide.mcu.externaltools.gnu-tools-for-stm32.13.3.rel1.win32_1.0.0.202411081344/tools/bin/../lib/gcc/arm-none-eabi/13.3.1/../../../../arm-none-eabi/lib/thumb/v7e-m+fp/hard\libc_nano.a(libc_a-strtok_r.o)
                0x080121c4                __strtok_r
 .text._localeconv_r
                0x08012214        0x8 C:/ST/STM32CubeIDE_1.17.0/STM32CubeIDE/plugins/com.st.stm32cube.ide.mcu.externaltools.gnu-tools-for-stm32.13.3.rel1.win32_1.0.0.202411081344/tools/bin/../lib/gcc/arm-none-eabi/13.3.1/../../../../arm-none-eabi/lib/thumb/v7e-m+fp/hard\libc_nano.a(libc_a-localeconv.o)
                0x08012214                _localeconv_r
 .text._close_r
                0x0801221c       0x20 C:/ST/STM32CubeIDE_1.17.0/STM32CubeIDE/plugins/com.st.stm32cube.ide.mcu.externaltools.gnu-tools-for-stm32.13.3.rel1.win32_1.0.0.202411081344/tools/bin/../lib/gcc/arm-none-eabi/13.3.1/../../../../arm-none-eabi/lib/thumb/v7e-m+fp/hard\libc_nano.a(libc_a-closer.o)
                0x0801221c                _close_r
 .text._lseek_r
                0x0801223c       0x24 C:/ST/STM32CubeIDE_1.17.0/STM32CubeIDE/plugins/com.st.stm32cube.ide.mcu.externaltools.gnu-tools-for-stm32.13.3.rel1.win32_1.0.0.202411081344/tools/bin/../lib/gcc/arm-none-eabi/13.3.1/../../../../arm-none-eabi/lib/thumb/v7e-m+fp/hard\libc_nano.a(libc_a-lseekr.o)
                0x0801223c                _lseek_r
 .text._read_r  0x08012260       0x24 C:/ST/STM32CubeIDE_1.17.0/STM32CubeIDE/plugins/com.st.stm32cube.ide.mcu.externaltools.gnu-tools-for-stm32.13.3.rel1.win32_1.0.0.202411081344/tools/bin/../lib/gcc/arm-none-eabi/13.3.1/../../../../arm-none-eabi/lib/thumb/v7e-m+fp/hard\libc_nano.a(libc_a-readr.o)
                0x08012260                _read_r
 .text._write_r
                0x08012284       0x24 C:/ST/STM32CubeIDE_1.17.0/STM32CubeIDE/plugins/com.st.stm32cube.ide.mcu.externaltools.gnu-tools-for-stm32.13.3.rel1.win32_1.0.0.202411081344/tools/bin/../lib/gcc/arm-none-eabi/13.3.1/../../../../arm-none-eabi/lib/thumb/v7e-m+fp/hard\libc_nano.a(libc_a-writer.o)
                0x08012284                _write_r
 .text.__errno  0x080122a8        0xc C:/ST/STM32CubeIDE_1.17.0/STM32CubeIDE/plugins/com.st.stm32cube.ide.mcu.externaltools.gnu-tools-for-stm32.13.3.rel1.win32_1.0.0.202411081344/tools/bin/../lib/gcc/arm-none-eabi/13.3.1/../../../../arm-none-eabi/lib/thumb/v7e-m+fp/hard\libc_nano.a(libc_a-errno.o)
                0x080122a8                __errno
 .text.__libc_init_array
                0x080122b4       0x48 C:/ST/STM32CubeIDE_1.17.0/STM32CubeIDE/plugins/com.st.stm32cube.ide.mcu.externaltools.gnu-tools-for-stm32.13.3.rel1.win32_1.0.0.202411081344/tools/bin/../lib/gcc/arm-none-eabi/13.3.1/../../../../arm-none-eabi/lib/thumb/v7e-m+fp/hard\libc_nano.a(libc_a-init.o)
                0x080122b4                __libc_init_array
 .text.__retarget_lock_init_recursive
                0x080122fc        0x2 C:/ST/STM32CubeIDE_1.17.0/STM32CubeIDE/plugins/com.st.stm32cube.ide.mcu.externaltools.gnu-tools-for-stm32.13.3.rel1.win32_1.0.0.202411081344/tools/bin/../lib/gcc/arm-none-eabi/13.3.1/../../../../arm-none-eabi/lib/thumb/v7e-m+fp/hard\libc_nano.a(libc_a-lock.o)
                0x080122fc                __retarget_lock_init_recursive
 .text.__retarget_lock_acquire_recursive
                0x080122fe        0x2 C:/ST/STM32CubeIDE_1.17.0/STM32CubeIDE/plugins/com.st.stm32cube.ide.mcu.externaltools.gnu-tools-for-stm32.13.3.rel1.win32_1.0.0.202411081344/tools/bin/../lib/gcc/arm-none-eabi/13.3.1/../../../../arm-none-eabi/lib/thumb/v7e-m+fp/hard\libc_nano.a(libc_a-lock.o)
                0x080122fe                __retarget_lock_acquire_recursive
 .text.__retarget_lock_release_recursive
                0x08012300        0x2 C:/ST/STM32CubeIDE_1.17.0/STM32CubeIDE/plugins/com.st.stm32cube.ide.mcu.externaltools.gnu-tools-for-stm32.13.3.rel1.win32_1.0.0.202411081344/tools/bin/../lib/gcc/arm-none-eabi/13.3.1/../../../../arm-none-eabi/lib/thumb/v7e-m+fp/hard\libc_nano.a(libc_a-lock.o)
                0x08012300                __retarget_lock_release_recursive
 .text.memcpy   0x08012302       0x1c C:/ST/STM32CubeIDE_1.17.0/STM32CubeIDE/plugins/com.st.stm32cube.ide.mcu.externaltools.gnu-tools-for-stm32.13.3.rel1.win32_1.0.0.202411081344/tools/bin/../lib/gcc/arm-none-eabi/13.3.1/../../../../arm-none-eabi/lib/thumb/v7e-m+fp/hard\libc_nano.a(libc_a-memcpy-stub.o)
                0x08012302                memcpy
 *fill*         0x0801231e        0x2 
 .text.__assert_func
                0x08012320       0x3c C:/ST/STM32CubeIDE_1.17.0/STM32CubeIDE/plugins/com.st.stm32cube.ide.mcu.externaltools.gnu-tools-for-stm32.13.3.rel1.win32_1.0.0.202411081344/tools/bin/../lib/gcc/arm-none-eabi/13.3.1/../../../../arm-none-eabi/lib/thumb/v7e-m+fp/hard\libc_nano.a(libc_a-assert.o)
                0x08012320                __assert_func
 .text.quorem   0x0801235c      0x110 C:/ST/STM32CubeIDE_1.17.0/STM32CubeIDE/plugins/com.st.stm32cube.ide.mcu.externaltools.gnu-tools-for-stm32.13.3.rel1.win32_1.0.0.202411081344/tools/bin/../lib/gcc/arm-none-eabi/13.3.1/../../../../arm-none-eabi/lib/thumb/v7e-m+fp/hard\libc_nano.a(libc_a-dtoa.o)
 *fill*         0x0801246c        0x4 
 .text._dtoa_r  0x08012470      0xba0 C:/ST/STM32CubeIDE_1.17.0/STM32CubeIDE/plugins/com.st.stm32cube.ide.mcu.externaltools.gnu-tools-for-stm32.13.3.rel1.win32_1.0.0.202411081344/tools/bin/../lib/gcc/arm-none-eabi/13.3.1/../../../../arm-none-eabi/lib/thumb/v7e-m+fp/hard\libc_nano.a(libc_a-dtoa.o)
                0x08012470                _dtoa_r
 .text._free_r  0x08013010       0x94 C:/ST/STM32CubeIDE_1.17.0/STM32CubeIDE/plugins/com.st.stm32cube.ide.mcu.externaltools.gnu-tools-for-stm32.13.3.rel1.win32_1.0.0.202411081344/tools/bin/../lib/gcc/arm-none-eabi/13.3.1/../../../../arm-none-eabi/lib/thumb/v7e-m+fp/hard\libc_nano.a(libc_a-freer.o)
                0x08013010                _free_r
 .text.malloc   0x080130a4       0x10 C:/ST/STM32CubeIDE_1.17.0/STM32CubeIDE/plugins/com.st.stm32cube.ide.mcu.externaltools.gnu-tools-for-stm32.13.3.rel1.win32_1.0.0.202411081344/tools/bin/../lib/gcc/arm-none-eabi/13.3.1/../../../../arm-none-eabi/lib/thumb/v7e-m+fp/hard\libc_nano.a(libc_a-malloc.o)
                0x080130a4                malloc
 .text.sbrk_aligned
                0x080130b4       0x44 C:/ST/STM32CubeIDE_1.17.0/STM32CubeIDE/plugins/com.st.stm32cube.ide.mcu.externaltools.gnu-tools-for-stm32.13.3.rel1.win32_1.0.0.202411081344/tools/bin/../lib/gcc/arm-none-eabi/13.3.1/../../../../arm-none-eabi/lib/thumb/v7e-m+fp/hard\libc_nano.a(libc_a-mallocr.o)
 .text._malloc_r
                0x080130f8      0x100 C:/ST/STM32CubeIDE_1.17.0/STM32CubeIDE/plugins/com.st.stm32cube.ide.mcu.externaltools.gnu-tools-for-stm32.13.3.rel1.win32_1.0.0.202411081344/tools/bin/../lib/gcc/arm-none-eabi/13.3.1/../../../../arm-none-eabi/lib/thumb/v7e-m+fp/hard\libc_nano.a(libc_a-mallocr.o)
                0x080130f8                _malloc_r
 .text.__malloc_lock
                0x080131f8        0xc C:/ST/STM32CubeIDE_1.17.0/STM32CubeIDE/plugins/com.st.stm32cube.ide.mcu.externaltools.gnu-tools-for-stm32.13.3.rel1.win32_1.0.0.202411081344/tools/bin/../lib/gcc/arm-none-eabi/13.3.1/../../../../arm-none-eabi/lib/thumb/v7e-m+fp/hard\libc_nano.a(libc_a-mlock.o)
                0x080131f8                __malloc_lock
 .text.__malloc_unlock
                0x08013204        0xc C:/ST/STM32CubeIDE_1.17.0/STM32CubeIDE/plugins/com.st.stm32cube.ide.mcu.externaltools.gnu-tools-for-stm32.13.3.rel1.win32_1.0.0.202411081344/tools/bin/../lib/gcc/arm-none-eabi/13.3.1/../../../../arm-none-eabi/lib/thumb/v7e-m+fp/hard\libc_nano.a(libc_a-mlock.o)
                0x08013204                __malloc_unlock
 .text._Balloc  0x08013210       0x80 C:/ST/STM32CubeIDE_1.17.0/STM32CubeIDE/plugins/com.st.stm32cube.ide.mcu.externaltools.gnu-tools-for-stm32.13.3.rel1.win32_1.0.0.202411081344/tools/bin/../lib/gcc/arm-none-eabi/13.3.1/../../../../arm-none-eabi/lib/thumb/v7e-m+fp/hard\libc_nano.a(libc_a-mprec.o)
                0x08013210                _Balloc
 .text._Bfree   0x08013290       0x44 C:/ST/STM32CubeIDE_1.17.0/STM32CubeIDE/plugins/com.st.stm32cube.ide.mcu.externaltools.gnu-tools-for-stm32.13.3.rel1.win32_1.0.0.202411081344/tools/bin/../lib/gcc/arm-none-eabi/13.3.1/../../../../arm-none-eabi/lib/thumb/v7e-m+fp/hard\libc_nano.a(libc_a-mprec.o)
                0x08013290                _Bfree
 .text.__multadd
                0x080132d4       0x8c C:/ST/STM32CubeIDE_1.17.0/STM32CubeIDE/plugins/com.st.stm32cube.ide.mcu.externaltools.gnu-tools-for-stm32.13.3.rel1.win32_1.0.0.202411081344/tools/bin/../lib/gcc/arm-none-eabi/13.3.1/../../../../arm-none-eabi/lib/thumb/v7e-m+fp/hard\libc_nano.a(libc_a-mprec.o)
                0x080132d4                __multadd
 .text.__hi0bits
                0x08013360       0x3e C:/ST/STM32CubeIDE_1.17.0/STM32CubeIDE/plugins/com.st.stm32cube.ide.mcu.externaltools.gnu-tools-for-stm32.13.3.rel1.win32_1.0.0.202411081344/tools/bin/../lib/gcc/arm-none-eabi/13.3.1/../../../../arm-none-eabi/lib/thumb/v7e-m+fp/hard\libc_nano.a(libc_a-mprec.o)
                0x08013360                __hi0bits
 .text.__lo0bits
                0x0801339e       0x5a C:/ST/STM32CubeIDE_1.17.0/STM32CubeIDE/plugins/com.st.stm32cube.ide.mcu.externaltools.gnu-tools-for-stm32.13.3.rel1.win32_1.0.0.202411081344/tools/bin/../lib/gcc/arm-none-eabi/13.3.1/../../../../arm-none-eabi/lib/thumb/v7e-m+fp/hard\libc_nano.a(libc_a-mprec.o)
                0x0801339e                __lo0bits
 .text.__i2b    0x080133f8       0x2c C:/ST/STM32CubeIDE_1.17.0/STM32CubeIDE/plugins/com.st.stm32cube.ide.mcu.externaltools.gnu-tools-for-stm32.13.3.rel1.win32_1.0.0.202411081344/tools/bin/../lib/gcc/arm-none-eabi/13.3.1/../../../../arm-none-eabi/lib/thumb/v7e-m+fp/hard\libc_nano.a(libc_a-mprec.o)
                0x080133f8                __i2b
 .text.__multiply
                0x08013424      0x144 C:/ST/STM32CubeIDE_1.17.0/STM32CubeIDE/plugins/com.st.stm32cube.ide.mcu.externaltools.gnu-tools-for-stm32.13.3.rel1.win32_1.0.0.202411081344/tools/bin/../lib/gcc/arm-none-eabi/13.3.1/../../../../arm-none-eabi/lib/thumb/v7e-m+fp/hard\libc_nano.a(libc_a-mprec.o)
                0x08013424                __multiply
 .text.__pow5mult
                0x08013568       0xb4 C:/ST/STM32CubeIDE_1.17.0/STM32CubeIDE/plugins/com.st.stm32cube.ide.mcu.externaltools.gnu-tools-for-stm32.13.3.rel1.win32_1.0.0.202411081344/tools/bin/../lib/gcc/arm-none-eabi/13.3.1/../../../../arm-none-eabi/lib/thumb/v7e-m+fp/hard\libc_nano.a(libc_a-mprec.o)
                0x08013568                __pow5mult
 .text.__lshift
                0x0801361c       0xd8 C:/ST/STM32CubeIDE_1.17.0/STM32CubeIDE/plugins/com.st.stm32cube.ide.mcu.externaltools.gnu-tools-for-stm32.13.3.rel1.win32_1.0.0.202411081344/tools/bin/../lib/gcc/arm-none-eabi/13.3.1/../../../../arm-none-eabi/lib/thumb/v7e-m+fp/hard\libc_nano.a(libc_a-mprec.o)
                0x0801361c                __lshift
 .text.__mcmp   0x080136f4       0x36 C:/ST/STM32CubeIDE_1.17.0/STM32CubeIDE/plugins/com.st.stm32cube.ide.mcu.externaltools.gnu-tools-for-stm32.13.3.rel1.win32_1.0.0.202411081344/tools/bin/../lib/gcc/arm-none-eabi/13.3.1/../../../../arm-none-eabi/lib/thumb/v7e-m+fp/hard\libc_nano.a(libc_a-mprec.o)
                0x080136f4                __mcmp
 *fill*         0x0801372a        0x2 
 .text.__mdiff  0x0801372c      0x128 C:/ST/STM32CubeIDE_1.17.0/STM32CubeIDE/plugins/com.st.stm32cube.ide.mcu.externaltools.gnu-tools-for-stm32.13.3.rel1.win32_1.0.0.202411081344/tools/bin/../lib/gcc/arm-none-eabi/13.3.1/../../../../arm-none-eabi/lib/thumb/v7e-m+fp/hard\libc_nano.a(libc_a-mprec.o)
                0x0801372c                __mdiff
 .text.__d2b    0x08013854       0xb0 C:/ST/STM32CubeIDE_1.17.0/STM32CubeIDE/plugins/com.st.stm32cube.ide.mcu.externaltools.gnu-tools-for-stm32.13.3.rel1.win32_1.0.0.202411081344/tools/bin/../lib/gcc/arm-none-eabi/13.3.1/../../../../arm-none-eabi/lib/thumb/v7e-m+fp/hard\libc_nano.a(libc_a-mprec.o)
                0x08013854                __d2b
 .text.__ssputs_r
                0x08013904       0xb6 C:/ST/STM32CubeIDE_1.17.0/STM32CubeIDE/plugins/com.st.stm32cube.ide.mcu.externaltools.gnu-tools-for-stm32.13.3.rel1.win32_1.0.0.202411081344/tools/bin/../lib/gcc/arm-none-eabi/13.3.1/../../../../arm-none-eabi/lib/thumb/v7e-m+fp/hard\libc_nano.a(libc_a-nano-svfprintf.o)
                0x08013904                __ssputs_r
 *fill*         0x080139ba        0x2 
 .text._svfprintf_r
                0x080139bc      0x1f8 C:/ST/STM32CubeIDE_1.17.0/STM32CubeIDE/plugins/com.st.stm32cube.ide.mcu.externaltools.gnu-tools-for-stm32.13.3.rel1.win32_1.0.0.202411081344/tools/bin/../lib/gcc/arm-none-eabi/13.3.1/../../../../arm-none-eabi/lib/thumb/v7e-m+fp/hard\libc_nano.a(libc_a-nano-svfprintf.o)
                0x080139bc                _svfiprintf_r
                0x080139bc                _svfprintf_r
 .text._sungetc_r
                0x08013bb4       0x7a C:/ST/STM32CubeIDE_1.17.0/STM32CubeIDE/plugins/com.st.stm32cube.ide.mcu.externaltools.gnu-tools-for-stm32.13.3.rel1.win32_1.0.0.202411081344/tools/bin/../lib/gcc/arm-none-eabi/13.3.1/../../../../arm-none-eabi/lib/thumb/v7e-m+fp/hard\libc_nano.a(libc_a-nano-svfscanf.o)
                0x08013bb4                _sungetc_r
 .text.__ssrefill_r
                0x08013c2e       0x3a C:/ST/STM32CubeIDE_1.17.0/STM32CubeIDE/plugins/com.st.stm32cube.ide.mcu.externaltools.gnu-tools-for-stm32.13.3.rel1.win32_1.0.0.202411081344/tools/bin/../lib/gcc/arm-none-eabi/13.3.1/../../../../arm-none-eabi/lib/thumb/v7e-m+fp/hard\libc_nano.a(libc_a-nano-svfscanf.o)
                0x08013c2e                __ssrefill_r
 .text.__ssvfscanf_r
                0x08013c68      0x2ec C:/ST/STM32CubeIDE_1.17.0/STM32CubeIDE/plugins/com.st.stm32cube.ide.mcu.externaltools.gnu-tools-for-stm32.13.3.rel1.win32_1.0.0.202411081344/tools/bin/../lib/gcc/arm-none-eabi/13.3.1/../../../../arm-none-eabi/lib/thumb/v7e-m+fp/hard\libc_nano.a(libc_a-nano-svfscanf.o)
                0x08013c68                __ssvfiscanf_r
                0x08013c68                __ssvfscanf_r
 .text.__sfputc_r
                0x08013f54       0x2e C:/ST/STM32CubeIDE_1.17.0/STM32CubeIDE/plugins/com.st.stm32cube.ide.mcu.externaltools.gnu-tools-for-stm32.13.3.rel1.win32_1.0.0.202411081344/tools/bin/../lib/gcc/arm-none-eabi/13.3.1/../../../../arm-none-eabi/lib/thumb/v7e-m+fp/hard\libc_nano.a(libc_a-nano-vfprintf.o)
 .text.__sfputs_r
                0x08013f82       0x24 C:/ST/STM32CubeIDE_1.17.0/STM32CubeIDE/plugins/com.st.stm32cube.ide.mcu.externaltools.gnu-tools-for-stm32.13.3.rel1.win32_1.0.0.202411081344/tools/bin/../lib/gcc/arm-none-eabi/13.3.1/../../../../arm-none-eabi/lib/thumb/v7e-m+fp/hard\libc_nano.a(libc_a-nano-vfprintf.o)
                0x08013f82                __sfputs_r
 *fill*         0x08013fa6        0x2 
 .text._vfprintf_r
                0x08013fa8      0x230 C:/ST/STM32CubeIDE_1.17.0/STM32CubeIDE/plugins/com.st.stm32cube.ide.mcu.externaltools.gnu-tools-for-stm32.13.3.rel1.win32_1.0.0.202411081344/tools/bin/../lib/gcc/arm-none-eabi/13.3.1/../../../../arm-none-eabi/lib/thumb/v7e-m+fp/hard\libc_nano.a(libc_a-nano-vfprintf.o)
                0x08013fa8                _vfprintf_r
                0x08013fa8                _vfiprintf_r
 .text._scanf_chars
                0x080141d8       0xb4 C:/ST/STM32CubeIDE_1.17.0/STM32CubeIDE/plugins/com.st.stm32cube.ide.mcu.externaltools.gnu-tools-for-stm32.13.3.rel1.win32_1.0.0.202411081344/tools/bin/../lib/gcc/arm-none-eabi/13.3.1/../../../../arm-none-eabi/lib/thumb/v7e-m+fp/hard\libc_nano.a(libc_a-nano-vfscanf_i.o)
                0x080141d8                _scanf_chars
 .text._scanf_i
                0x0801428c      0x1e8 C:/ST/STM32CubeIDE_1.17.0/STM32CubeIDE/plugins/com.st.stm32cube.ide.mcu.externaltools.gnu-tools-for-stm32.13.3.rel1.win32_1.0.0.202411081344/tools/bin/../lib/gcc/arm-none-eabi/13.3.1/../../../../arm-none-eabi/lib/thumb/v7e-m+fp/hard\libc_nano.a(libc_a-nano-vfscanf_i.o)
                0x0801428c                _scanf_i
 .text.__sflush_r
                0x08014474      0x108 C:/ST/STM32CubeIDE_1.17.0/STM32CubeIDE/plugins/com.st.stm32cube.ide.mcu.externaltools.gnu-tools-for-stm32.13.3.rel1.win32_1.0.0.202411081344/tools/bin/../lib/gcc/arm-none-eabi/13.3.1/../../../../arm-none-eabi/lib/thumb/v7e-m+fp/hard\libc_nano.a(libc_a-fflush.o)
                0x08014474                __sflush_r
 .text._fflush_r
                0x0801457c       0x50 C:/ST/STM32CubeIDE_1.17.0/STM32CubeIDE/plugins/com.st.stm32cube.ide.mcu.externaltools.gnu-tools-for-stm32.13.3.rel1.win32_1.0.0.202411081344/tools/bin/../lib/gcc/arm-none-eabi/13.3.1/../../../../arm-none-eabi/lib/thumb/v7e-m+fp/hard\libc_nano.a(libc_a-fflush.o)
                0x0801457c                _fflush_r
 .text.fprintf  0x080145cc       0x24 C:/ST/STM32CubeIDE_1.17.0/STM32CubeIDE/plugins/com.st.stm32cube.ide.mcu.externaltools.gnu-tools-for-stm32.13.3.rel1.win32_1.0.0.202411081344/tools/bin/../lib/gcc/arm-none-eabi/13.3.1/../../../../arm-none-eabi/lib/thumb/v7e-m+fp/hard\libc_nano.a(libc_a-fprintf.o)
                0x080145cc                fiprintf
                0x080145cc                fprintf
 .text.__sccl   0x080145f0       0x72 C:/ST/STM32CubeIDE_1.17.0/STM32CubeIDE/plugins/com.st.stm32cube.ide.mcu.externaltools.gnu-tools-for-stm32.13.3.rel1.win32_1.0.0.202411081344/tools/bin/../lib/gcc/arm-none-eabi/13.3.1/../../../../arm-none-eabi/lib/thumb/v7e-m+fp/hard\libc_nano.a(libc_a-sccl.o)
                0x080145f0                __sccl
 .text.__submore
                0x08014662       0x74 C:/ST/STM32CubeIDE_1.17.0/STM32CubeIDE/plugins/com.st.stm32cube.ide.mcu.externaltools.gnu-tools-for-stm32.13.3.rel1.win32_1.0.0.202411081344/tools/bin/../lib/gcc/arm-none-eabi/13.3.1/../../../../arm-none-eabi/lib/thumb/v7e-m+fp/hard\libc_nano.a(libc_a-ungetc.o)
                0x08014662                __submore
 .text.__swbuf_r
                0x080146d6       0x7c C:/ST/STM32CubeIDE_1.17.0/STM32CubeIDE/plugins/com.st.stm32cube.ide.mcu.externaltools.gnu-tools-for-stm32.13.3.rel1.win32_1.0.0.202411081344/tools/bin/../lib/gcc/arm-none-eabi/13.3.1/../../../../arm-none-eabi/lib/thumb/v7e-m+fp/hard\libc_nano.a(libc_a-wbuf.o)
                0x080146d6                __swbuf_r
 *fill*         0x08014752        0x2 
 .text.__swsetup_r
                0x08014754       0xac C:/ST/STM32CubeIDE_1.17.0/STM32CubeIDE/plugins/com.st.stm32cube.ide.mcu.externaltools.gnu-tools-for-stm32.13.3.rel1.win32_1.0.0.202411081344/tools/bin/../lib/gcc/arm-none-eabi/13.3.1/../../../../arm-none-eabi/lib/thumb/v7e-m+fp/hard\libc_nano.a(libc_a-wsetup.o)
                0x08014754                __swsetup_r
 .text.memmove  0x08014800       0x34 C:/ST/STM32CubeIDE_1.17.0/STM32CubeIDE/plugins/com.st.stm32cube.ide.mcu.externaltools.gnu-tools-for-stm32.13.3.rel1.win32_1.0.0.202411081344/tools/bin/../lib/gcc/arm-none-eabi/13.3.1/../../../../arm-none-eabi/lib/thumb/v7e-m+fp/hard\libc_nano.a(libc_a-memmove.o)
                0x08014800                memmove
 .text._sbrk_r  0x08014834       0x20 C:/ST/STM32CubeIDE_1.17.0/STM32CubeIDE/plugins/com.st.stm32cube.ide.mcu.externaltools.gnu-tools-for-stm32.13.3.rel1.win32_1.0.0.202411081344/tools/bin/../lib/gcc/arm-none-eabi/13.3.1/../../../../arm-none-eabi/lib/thumb/v7e-m+fp/hard\libc_nano.a(libc_a-sbrkr.o)
                0x08014834                _sbrk_r
 .text.abort    0x08014854        0xe C:/ST/STM32CubeIDE_1.17.0/STM32CubeIDE/plugins/com.st.stm32cube.ide.mcu.externaltools.gnu-tools-for-stm32.13.3.rel1.win32_1.0.0.202411081344/tools/bin/../lib/gcc/arm-none-eabi/13.3.1/../../../../arm-none-eabi/lib/thumb/v7e-m+fp/hard\libc_nano.a(libc_a-abort.o)
                0x08014854                abort
 .text._calloc_r
                0x08014862       0x28 C:/ST/STM32CubeIDE_1.17.0/STM32CubeIDE/plugins/com.st.stm32cube.ide.mcu.externaltools.gnu-tools-for-stm32.13.3.rel1.win32_1.0.0.202411081344/tools/bin/../lib/gcc/arm-none-eabi/13.3.1/../../../../arm-none-eabi/lib/thumb/v7e-m+fp/hard\libc_nano.a(libc_a-callocr.o)
                0x08014862                _calloc_r
 .text.__ascii_mbtowc
                0x0801488a       0x24 C:/ST/STM32CubeIDE_1.17.0/STM32CubeIDE/plugins/com.st.stm32cube.ide.mcu.externaltools.gnu-tools-for-stm32.13.3.rel1.win32_1.0.0.202411081344/tools/bin/../lib/gcc/arm-none-eabi/13.3.1/../../../../arm-none-eabi/lib/thumb/v7e-m+fp/hard\libc_nano.a(libc_a-mbtowc_r.o)
                0x0801488a                __ascii_mbtowc
 .text._realloc_r
                0x080148ae       0x5c C:/ST/STM32CubeIDE_1.17.0/STM32CubeIDE/plugins/com.st.stm32cube.ide.mcu.externaltools.gnu-tools-for-stm32.13.3.rel1.win32_1.0.0.202411081344/tools/bin/../lib/gcc/arm-none-eabi/13.3.1/../../../../arm-none-eabi/lib/thumb/v7e-m+fp/hard\libc_nano.a(libc_a-reallocr.o)
                0x080148ae                _realloc_r
 *fill*         0x0801490a        0x2 
 .text._strtol_l.isra.0
                0x0801490c       0xf4 C:/ST/STM32CubeIDE_1.17.0/STM32CubeIDE/plugins/com.st.stm32cube.ide.mcu.externaltools.gnu-tools-for-stm32.13.3.rel1.win32_1.0.0.202411081344/tools/bin/../lib/gcc/arm-none-eabi/13.3.1/../../../../arm-none-eabi/lib/thumb/v7e-m+fp/hard\libc_nano.a(libc_a-strtol.o)
 .text._strtol_r
                0x08014a00        0x4 C:/ST/STM32CubeIDE_1.17.0/STM32CubeIDE/plugins/com.st.stm32cube.ide.mcu.externaltools.gnu-tools-for-stm32.13.3.rel1.win32_1.0.0.202411081344/tools/bin/../lib/gcc/arm-none-eabi/13.3.1/../../../../arm-none-eabi/lib/thumb/v7e-m+fp/hard\libc_nano.a(libc_a-strtol.o)
                0x08014a00                _strtol_r
 .text._strtoul_l.isra.0
                0x08014a04       0xdc C:/ST/STM32CubeIDE_1.17.0/STM32CubeIDE/plugins/com.st.stm32cube.ide.mcu.externaltools.gnu-tools-for-stm32.13.3.rel1.win32_1.0.0.202411081344/tools/bin/../lib/gcc/arm-none-eabi/13.3.1/../../../../arm-none-eabi/lib/thumb/v7e-m+fp/hard\libc_nano.a(libc_a-strtoul.o)
 .text._strtoul_r
                0x08014ae0        0x4 C:/ST/STM32CubeIDE_1.17.0/STM32CubeIDE/plugins/com.st.stm32cube.ide.mcu.externaltools.gnu-tools-for-stm32.13.3.rel1.win32_1.0.0.202411081344/tools/bin/../lib/gcc/arm-none-eabi/13.3.1/../../../../arm-none-eabi/lib/thumb/v7e-m+fp/hard\libc_nano.a(libc_a-strtoul.o)
                0x08014ae0                _strtoul_r
 .text.__ascii_wctomb
                0x08014ae4       0x1a C:/ST/STM32CubeIDE_1.17.0/STM32CubeIDE/plugins/com.st.stm32cube.ide.mcu.externaltools.gnu-tools-for-stm32.13.3.rel1.win32_1.0.0.202411081344/tools/bin/../lib/gcc/arm-none-eabi/13.3.1/../../../../arm-none-eabi/lib/thumb/v7e-m+fp/hard\libc_nano.a(libc_a-wctomb_r.o)
                0x08014ae4                __ascii_wctomb
 .text.__swhatbuf_r
                0x08014afe       0x4c C:/ST/STM32CubeIDE_1.17.0/STM32CubeIDE/plugins/com.st.stm32cube.ide.mcu.externaltools.gnu-tools-for-stm32.13.3.rel1.win32_1.0.0.202411081344/tools/bin/../lib/gcc/arm-none-eabi/13.3.1/../../../../arm-none-eabi/lib/thumb/v7e-m+fp/hard\libc_nano.a(libc_a-makebuf.o)
                0x08014afe                __swhatbuf_r
 .text.__smakebuf_r
                0x08014b4a       0x78 C:/ST/STM32CubeIDE_1.17.0/STM32CubeIDE/plugins/com.st.stm32cube.ide.mcu.externaltools.gnu-tools-for-stm32.13.3.rel1.win32_1.0.0.202411081344/tools/bin/../lib/gcc/arm-none-eabi/13.3.1/../../../../arm-none-eabi/lib/thumb/v7e-m+fp/hard\libc_nano.a(libc_a-makebuf.o)
                0x08014b4a                __smakebuf_r
 .text._raise_r
                0x08014bc2       0x50 C:/ST/STM32CubeIDE_1.17.0/STM32CubeIDE/plugins/com.st.stm32cube.ide.mcu.externaltools.gnu-tools-for-stm32.13.3.rel1.win32_1.0.0.202411081344/tools/bin/../lib/gcc/arm-none-eabi/13.3.1/../../../../arm-none-eabi/lib/thumb/v7e-m+fp/hard\libc_nano.a(libc_a-signal.o)
                0x08014bc2                _raise_r
 *fill*         0x08014c12        0x2 
 .text.raise    0x08014c14       0x10 C:/ST/STM32CubeIDE_1.17.0/STM32CubeIDE/plugins/com.st.stm32cube.ide.mcu.externaltools.gnu-tools-for-stm32.13.3.rel1.win32_1.0.0.202411081344/tools/bin/../lib/gcc/arm-none-eabi/13.3.1/../../../../arm-none-eabi/lib/thumb/v7e-m+fp/hard\libc_nano.a(libc_a-signal.o)
                0x08014c14                raise
 .text._fstat_r
                0x08014c24       0x24 C:/ST/STM32CubeIDE_1.17.0/STM32CubeIDE/plugins/com.st.stm32cube.ide.mcu.externaltools.gnu-tools-for-stm32.13.3.rel1.win32_1.0.0.202411081344/tools/bin/../lib/gcc/arm-none-eabi/13.3.1/../../../../arm-none-eabi/lib/thumb/v7e-m+fp/hard\libc_nano.a(libc_a-fstatr.o)
                0x08014c24                _fstat_r
 .text._isatty_r
                0x08014c48       0x20 C:/ST/STM32CubeIDE_1.17.0/STM32CubeIDE/plugins/com.st.stm32cube.ide.mcu.externaltools.gnu-tools-for-stm32.13.3.rel1.win32_1.0.0.202411081344/tools/bin/../lib/gcc/arm-none-eabi/13.3.1/../../../../arm-none-eabi/lib/thumb/v7e-m+fp/hard\libc_nano.a(libc_a-isattyr.o)
                0x08014c48                _isatty_r
 .text._kill_r  0x08014c68       0x24 C:/ST/STM32CubeIDE_1.17.0/STM32CubeIDE/plugins/com.st.stm32cube.ide.mcu.externaltools.gnu-tools-for-stm32.13.3.rel1.win32_1.0.0.202411081344/tools/bin/../lib/gcc/arm-none-eabi/13.3.1/../../../../arm-none-eabi/lib/thumb/v7e-m+fp/hard\libc_nano.a(libc_a-signalr.o)
                0x08014c68                _kill_r
 .text._getpid_r
                0x08014c8c        0x4 C:/ST/STM32CubeIDE_1.17.0/STM32CubeIDE/plugins/com.st.stm32cube.ide.mcu.externaltools.gnu-tools-for-stm32.13.3.rel1.win32_1.0.0.202411081344/tools/bin/../lib/gcc/arm-none-eabi/13.3.1/../../../../arm-none-eabi/lib/thumb/v7e-m+fp/hard\libc_nano.a(libc_a-signalr.o)
                0x08014c8c                _getpid_r
 .text._malloc_usable_size_r
                0x08014c90       0x10 C:/ST/STM32CubeIDE_1.17.0/STM32CubeIDE/plugins/com.st.stm32cube.ide.mcu.externaltools.gnu-tools-for-stm32.13.3.rel1.win32_1.0.0.202411081344/tools/bin/../lib/gcc/arm-none-eabi/13.3.1/../../../../arm-none-eabi/lib/thumb/v7e-m+fp/hard\libc_nano.a(libc_a-msizer.o)
                0x08014c90                _malloc_usable_size_r
 *(.glue_7)
 .glue_7        0x08014ca0        0x0 linker stubs
 *(.glue_7t)
 .glue_7t       0x08014ca0        0x0 linker stubs
 *(.eh_frame)
 .eh_frame      0x08014ca0        0x0 C:/ST/STM32CubeIDE_1.17.0/STM32CubeIDE/plugins/com.st.stm32cube.ide.mcu.externaltools.gnu-tools-for-stm32.13.3.rel1.win32_1.0.0.202411081344/tools/bin/../lib/gcc/arm-none-eabi/13.3.1/thumb/v7e-m+fp/hard/crtbegin.o
 *(.init)
 .init          0x08014ca0        0x4 C:/ST/STM32CubeIDE_1.17.0/STM32CubeIDE/plugins/com.st.stm32cube.ide.mcu.externaltools.gnu-tools-for-stm32.13.3.rel1.win32_1.0.0.202411081344/tools/bin/../lib/gcc/arm-none-eabi/13.3.1/thumb/v7e-m+fp/hard/crti.o
                0x08014ca0                _init
 .init          0x08014ca4        0x8 C:/ST/STM32CubeIDE_1.17.0/STM32CubeIDE/plugins/com.st.stm32cube.ide.mcu.externaltools.gnu-tools-for-stm32.13.3.rel1.win32_1.0.0.202411081344/tools/bin/../lib/gcc/arm-none-eabi/13.3.1/thumb/v7e-m+fp/hard/crtn.o
 *(.fini)
 .fini          0x08014cac        0x4 C:/ST/STM32CubeIDE_1.17.0/STM32CubeIDE/plugins/com.st.stm32cube.ide.mcu.externaltools.gnu-tools-for-stm32.13.3.rel1.win32_1.0.0.202411081344/tools/bin/../lib/gcc/arm-none-eabi/13.3.1/thumb/v7e-m+fp/hard/crti.o
                0x08014cac                _fini
 .fini          0x08014cb0        0x8 C:/ST/STM32CubeIDE_1.17.0/STM32CubeIDE/plugins/com.st.stm32cube.ide.mcu.externaltools.gnu-tools-for-stm32.13.3.rel1.win32_1.0.0.202411081344/tools/bin/../lib/gcc/arm-none-eabi/13.3.1/thumb/v7e-m+fp/hard/crtn.o
                0x08014cb8                        . = ALIGN (0x4)
                0x08014cb8                        _etext = .

.vfp11_veneer   0x08014cb8        0x0
 .vfp11_veneer  0x08014cb8        0x0 linker stubs

.v4_bx          0x08014cb8        0x0
 .v4_bx         0x08014cb8        0x0 linker stubs

.iplt           0x08014cb8        0x0
 .iplt          0x08014cb8        0x0 C:/ST/STM32CubeIDE_1.17.0/STM32CubeIDE/plugins/com.st.stm32cube.ide.mcu.externaltools.gnu-tools-for-stm32.13.3.rel1.win32_1.0.0.202411081344/tools/bin/../lib/gcc/arm-none-eabi/13.3.1/thumb/v7e-m+fp/hard/crtbegin.o

.rodata         0x08014cb8      0xdf4
                0x08014cb8                        . = ALIGN (0x4)
 *(.rodata)
 .rodata        0x08014cb8      0x58b ./Core/Src/drivers/cli_commands.o
 *fill*         0x08015243        0x1 
 .rodata        0x08015244       0x3c ./Core/Src/drivers/reset_cause.o
 .rodata        0x08015280       0x43 ./Core/Src/main.o
 *fill*         0x080152c3        0x1 
 .rodata        0x080152c4       0x8f ./Core/Src/rtos/freertos_init.o
 *fill*         0x08015353        0x1 
 .rodata        0x08015354       0x34 ./Core/Src/rtos/task_cli.o
 .rodata        0x08015388       0x44 ./Core/Src/rtos/task_oled.o
 .rodata        0x080153cc       0x7c ./Core/Src/rtos/task_sensors.o
 .rodata        0x08015448       0x78 ./Core/Src/rtos/task_start.o
 .rodata        0x080154c0       0x30 ./Middlewares/Third_Party/FreeRTOS/Source/tasks.o
 .rodata        0x080154f0        0xc C:/ST/STM32CubeIDE_1.17.0/STM32CubeIDE/plugins/com.st.stm32cube.ide.mcu.externaltools.gnu-tools-for-stm32.13.3.rel1.win32_1.0.0.202411081344/tools/bin/../lib/gcc/arm-none-eabi/13.3.1/../../../../arm-none-eabi/lib/thumb/v7e-m+fp/hard\libc_nano.a(libc_a-nano-vfscanf_i.o)
 *(.rodata*)
 .rodata.font5x7
                0x080154fc      0x1c7 ./Core/Src/drivers/font_5x7.o
                0x080154fc                font5x7
 .rodata._printf_float.str1.1
                0x080156c3      0x1e4 C:/ST/STM32CubeIDE_1.17.0/STM32CubeIDE/plugins/com.st.stm32cube.ide.mcu.externaltools.gnu-tools-for-stm32.13.3.rel1.win32_1.0.0.202411081344/tools/bin/../lib/gcc/arm-none-eabi/13.3.1/../../../../arm-none-eabi/lib/thumb/v7e-m+fp/hard\libc_nano.a(libc_a-nano-vfprintf_float.o)
                                 0x12 (size before relaxing)
 .rodata._printf_i.str1.1
                0x080158a7       0x22 C:/ST/STM32CubeIDE_1.17.0/STM32CubeIDE/plugins/com.st.stm32cube.ide.mcu.externaltools.gnu-tools-for-stm32.13.3.rel1.win32_1.0.0.202411081344/tools/bin/../lib/gcc/arm-none-eabi/13.3.1/../../../../arm-none-eabi/lib/thumb/v7e-m+fp/hard\libc_nano.a(libc_a-nano-vfprintf_i.o)
 .rodata.strtok.str1.1
                0x080158a7       0x71 C:/ST/STM32CubeIDE_1.17.0/STM32CubeIDE/plugins/com.st.stm32cube.ide.mcu.externaltools.gnu-tools-for-stm32.13.3.rel1.win32_1.0.0.202411081344/tools/bin/../lib/gcc/arm-none-eabi/13.3.1/../../../../arm-none-eabi/lib/thumb/v7e-m+fp/hard\libc_nano.a(libc_a-strtok.o)
 .rodata.__assert_func.str1.1
                0x080158a7       0x3d C:/ST/STM32CubeIDE_1.17.0/STM32CubeIDE/plugins/com.st.stm32cube.ide.mcu.externaltools.gnu-tools-for-stm32.13.3.rel1.win32_1.0.0.202411081344/tools/bin/../lib/gcc/arm-none-eabi/13.3.1/../../../../arm-none-eabi/lib/thumb/v7e-m+fp/hard\libc_nano.a(libc_a-assert.o)
 .rodata._dtoa_r.str1.1
                0x080158a7       0x8f C:/ST/STM32CubeIDE_1.17.0/STM32CubeIDE/plugins/com.st.stm32cube.ide.mcu.externaltools.gnu-tools-for-stm32.13.3.rel1.win32_1.0.0.202411081344/tools/bin/../lib/gcc/arm-none-eabi/13.3.1/../../../../arm-none-eabi/lib/thumb/v7e-m+fp/hard\libc_nano.a(libc_a-dtoa.o)
 .rodata._Balloc.str1.1
                0x080158a7       0x70 C:/ST/STM32CubeIDE_1.17.0/STM32CubeIDE/plugins/com.st.stm32cube.ide.mcu.externaltools.gnu-tools-for-stm32.13.3.rel1.win32_1.0.0.202411081344/tools/bin/../lib/gcc/arm-none-eabi/13.3.1/../../../../arm-none-eabi/lib/thumb/v7e-m+fp/hard\libc_nano.a(libc_a-mprec.o)
 .rodata.__multadd.str1.1
                0x080158a7       0x11 C:/ST/STM32CubeIDE_1.17.0/STM32CubeIDE/plugins/com.st.stm32cube.ide.mcu.externaltools.gnu-tools-for-stm32.13.3.rel1.win32_1.0.0.202411081344/tools/bin/../lib/gcc/arm-none-eabi/13.3.1/../../../../arm-none-eabi/lib/thumb/v7e-m+fp/hard\libc_nano.a(libc_a-mprec.o)
 *fill*         0x080158a7        0x1 
 .rodata.p05.0  0x080158a8        0xc C:/ST/STM32CubeIDE_1.17.0/STM32CubeIDE/plugins/com.st.stm32cube.ide.mcu.externaltools.gnu-tools-for-stm32.13.3.rel1.win32_1.0.0.202411081344/tools/bin/../lib/gcc/arm-none-eabi/13.3.1/../../../../arm-none-eabi/lib/thumb/v7e-m+fp/hard\libc_nano.a(libc_a-mprec.o)
 *fill*         0x080158b4        0x4 
 .rodata.__mprec_bigtens
                0x080158b8       0x28 C:/ST/STM32CubeIDE_1.17.0/STM32CubeIDE/plugins/com.st.stm32cube.ide.mcu.externaltools.gnu-tools-for-stm32.13.3.rel1.win32_1.0.0.202411081344/tools/bin/../lib/gcc/arm-none-eabi/13.3.1/../../../../arm-none-eabi/lib/thumb/v7e-m+fp/hard\libc_nano.a(libc_a-mprec.o)
                0x080158b8                __mprec_bigtens
 .rodata.__mprec_tens
                0x080158e0       0xc8 C:/ST/STM32CubeIDE_1.17.0/STM32CubeIDE/plugins/com.st.stm32cube.ide.mcu.externaltools.gnu-tools-for-stm32.13.3.rel1.win32_1.0.0.202411081344/tools/bin/../lib/gcc/arm-none-eabi/13.3.1/../../../../arm-none-eabi/lib/thumb/v7e-m+fp/hard\libc_nano.a(libc_a-mprec.o)
                0x080158e0                __mprec_tens
 .rodata._svfprintf_r.str1.1
                0x080159a8       0x11 C:/ST/STM32CubeIDE_1.17.0/STM32CubeIDE/plugins/com.st.stm32cube.ide.mcu.externaltools.gnu-tools-for-stm32.13.3.rel1.win32_1.0.0.202411081344/tools/bin/../lib/gcc/arm-none-eabi/13.3.1/../../../../arm-none-eabi/lib/thumb/v7e-m+fp/hard\libc_nano.a(libc_a-nano-svfprintf.o)
 .rodata.__ssvfscanf_r.str1.1
                0x080159a8        0x4 C:/ST/STM32CubeIDE_1.17.0/STM32CubeIDE/plugins/com.st.stm32cube.ide.mcu.externaltools.gnu-tools-for-stm32.13.3.rel1.win32_1.0.0.202411081344/tools/bin/../lib/gcc/arm-none-eabi/13.3.1/../../../../arm-none-eabi/lib/thumb/v7e-m+fp/hard\libc_nano.a(libc_a-nano-svfscanf.o)
 .rodata._vfprintf_r.str1.1
                0x080159a8       0x11 C:/ST/STM32CubeIDE_1.17.0/STM32CubeIDE/plugins/com.st.stm32cube.ide.mcu.externaltools.gnu-tools-for-stm32.13.3.rel1.win32_1.0.0.202411081344/tools/bin/../lib/gcc/arm-none-eabi/13.3.1/../../../../arm-none-eabi/lib/thumb/v7e-m+fp/hard\libc_nano.a(libc_a-nano-vfprintf.o)
 .rodata._scanf_i.str1.1
                0x080159a8       0x12 C:/ST/STM32CubeIDE_1.17.0/STM32CubeIDE/plugins/com.st.stm32cube.ide.mcu.externaltools.gnu-tools-for-stm32.13.3.rel1.win32_1.0.0.202411081344/tools/bin/../lib/gcc/arm-none-eabi/13.3.1/../../../../arm-none-eabi/lib/thumb/v7e-m+fp/hard\libc_nano.a(libc_a-nano-vfscanf_i.o)
 .rodata.str1.1
                0x080159a8        0x9 C:/ST/STM32CubeIDE_1.17.0/STM32CubeIDE/plugins/com.st.stm32cube.ide.mcu.externaltools.gnu-tools-for-stm32.13.3.rel1.win32_1.0.0.202411081344/tools/bin/../lib/gcc/arm-none-eabi/13.3.1/../../../../arm-none-eabi/lib/thumb/v7e-m+fp/hard\libc_nano.a(libc_a-nano-vfscanf_i.o)
 .rodata._setlocale_r.str1.1
                0x080159a8        0x9 C:/ST/STM32CubeIDE_1.17.0/STM32CubeIDE/plugins/com.st.stm32cube.ide.mcu.externaltools.gnu-tools-for-stm32.13.3.rel1.win32_1.0.0.202411081344/tools/bin/../lib/gcc/arm-none-eabi/13.3.1/../../../../arm-none-eabi/lib/thumb/v7e-m+fp/hard\libc_nano.a(libc_a-locale.o)
 .rodata.str1.1
                0x080159a8        0x2 C:/ST/STM32CubeIDE_1.17.0/STM32CubeIDE/plugins/com.st.stm32cube.ide.mcu.externaltools.gnu-tools-for-stm32.13.3.rel1.win32_1.0.0.202411081344/tools/bin/../lib/gcc/arm-none-eabi/13.3.1/../../../../arm-none-eabi/lib/thumb/v7e-m+fp/hard\libc_nano.a(libc_a-locale.o)
 .rodata._ctype_
                0x080159a8      0x101 C:/ST/STM32CubeIDE_1.17.0/STM32CubeIDE/plugins/com.st.stm32cube.ide.mcu.externaltools.gnu-tools-for-stm32.13.3.rel1.win32_1.0.0.202411081344/tools/bin/../lib/gcc/arm-none-eabi/13.3.1/../../../../arm-none-eabi/lib/thumb/v7e-m+fp/hard\libc_nano.a(libc_a-ctype_.o)
                0x080159a8                _ctype_
                0x08015aac                        . = ALIGN (0x4)
 *fill*         0x08015aa9        0x3 

.ARM.extab      0x08015aac        0x0
                0x08015aac                        . = ALIGN (0x4)
 *(.ARM.extab* .gnu.linkonce.armextab.*)
                0x08015aac                        . = ALIGN (0x4)

.ARM.exidx      0x08015aac        0x8
                0x08015aac                        . = ALIGN (0x4)
                0x08015aac                        __exidx_start = .
 *(.ARM.exidx*)
 .ARM.exidx     0x08015aac        0x8 C:/ST/STM32CubeIDE_1.17.0/STM32CubeIDE/plugins/com.st.stm32cube.ide.mcu.externaltools.gnu-tools-for-stm32.13.3.rel1.win32_1.0.0.202411081344/tools/bin/../lib/gcc/arm-none-eabi/13.3.1/../../../../arm-none-eabi/lib/thumb/v7e-m+fp/hard\libc_nano.a(libc_a-strcmp.o)
 .ARM.exidx     0x08015ab4        0x0 C:/ST/STM32CubeIDE_1.17.0/STM32CubeIDE/plugins/com.st.stm32cube.ide.mcu.externaltools.gnu-tools-for-stm32.13.3.rel1.win32_1.0.0.202411081344/tools/bin/../lib/gcc/arm-none-eabi/13.3.1/../../../../arm-none-eabi/lib/thumb/v7e-m+fp/hard\libc_nano.a(libc_a-memchr.o)
                                  0x8 (size before relaxing)
 .ARM.exidx     0x08015ab4        0x0 C:/ST/STM32CubeIDE_1.17.0/STM32CubeIDE/plugins/com.st.stm32cube.ide.mcu.externaltools.gnu-tools-for-stm32.13.3.rel1.win32_1.0.0.202411081344/tools/bin/../lib/gcc/arm-none-eabi/13.3.1/../../../../arm-none-eabi/lib/thumb/v7e-m+fp/hard\libc_nano.a(libc_a-strlen.o)
                                  0x8 (size before relaxing)
                0x08015ab4                        __exidx_end = .
                0x08015ab4                        . = ALIGN (0x4)

.rel.dyn        0x08015ab4        0x0
 .rel.iplt      0x08015ab4        0x0 C:/ST/STM32CubeIDE_1.17.0/STM32CubeIDE/plugins/com.st.stm32cube.ide.mcu.externaltools.gnu-tools-for-stm32.13.3.rel1.win32_1.0.0.202411081344/tools/bin/../lib/gcc/arm-none-eabi/13.3.1/thumb/v7e-m+fp/hard/crtbegin.o

.preinit_array  0x08015ab4        0x0
                0x08015ab4                        . = ALIGN (0x4)
                0x08015ab4                        PROVIDE (__preinit_array_start = .)
 *(.preinit_array*)
                0x08015ab4                        PROVIDE (__preinit_array_end = .)
                0x08015ab4                        . = ALIGN (0x4)

.init_array     0x08015ab4        0x4
                0x08015ab4                        . = ALIGN (0x4)
                0x08015ab4                        PROVIDE (__init_array_start = .)
 *(SORT_BY_NAME(.init_array.*))
 *(.init_array*)
 .init_array    0x08015ab4        0x4 C:/ST/STM32CubeIDE_1.17.0/STM32CubeIDE/plugins/com.st.stm32cube.ide.mcu.externaltools.gnu-tools-for-stm32.13.3.rel1.win32_1.0.0.202411081344/tools/bin/../lib/gcc/arm-none-eabi/13.3.1/thumb/v7e-m+fp/hard/crtbegin.o
                0x08015ab8                        PROVIDE (__init_array_end = .)
                0x08015ab8                        . = ALIGN (0x4)

.fini_array     0x08015ab8        0x4
                0x08015ab8                        . = ALIGN (0x4)
                [!provide]                        PROVIDE (__fini_array_start = .)
 *(SORT_BY_NAME(.fini_array.*))
 *(.fini_array*)
 .fini_array    0x08015ab8        0x4 C:/ST/STM32CubeIDE_1.17.0/STM32CubeIDE/plugins/com.st.stm32cube.ide.mcu.externaltools.gnu-tools-for-stm32.13.3.rel1.win32_1.0.0.202411081344/tools/bin/../lib/gcc/arm-none-eabi/13.3.1/thumb/v7e-m+fp/hard/crtbegin.o
                [!provide]                        PROVIDE (__fini_array_end = .)
                0x08015abc                        . = ALIGN (0x4)
                0x08015abc                        _sidata = LOADADDR (.data)

.data           0x20000000      0x1d4 load address 0x08015abc
                0x20000000                        . = ALIGN (0x4)
                0x20000000                        _sdata = .
 *(.data)
 *(.data*)
 .data.SystemCoreClock
                0x20000000        0x4 ./Core/Src/system_stm32f4xx.o
                0x20000000                SystemCoreClock
 .data.uwTickFreq
                0x20000004        0x1 ./Drivers/STM32F4xx_HAL_Driver/Src/stm32f4xx_hal.o
                0x20000004                uwTickFreq
 *fill*         0x20000005        0x3 
 .data.uxCriticalNesting
                0x20000008        0x4 ./Middlewares/Third_Party/FreeRTOS/Source/portable/GCC/ARM_CM4F/port.o
 .data.__sglue  0x2000000c        0xc C:/ST/STM32CubeIDE_1.17.0/STM32CubeIDE/plugins/com.st.stm32cube.ide.mcu.externaltools.gnu-tools-for-stm32.13.3.rel1.win32_1.0.0.202411081344/tools/bin/../lib/gcc/arm-none-eabi/13.3.1/../../../../arm-none-eabi/lib/thumb/v7e-m+fp/hard\libc_nano.a(libc_a-findfp.o)
                0x2000000c                __sglue
 .data._impure_ptr
                0x20000018        0x4 C:/ST/STM32CubeIDE_1.17.0/STM32CubeIDE/plugins/com.st.stm32cube.ide.mcu.externaltools.gnu-tools-for-stm32.13.3.rel1.win32_1.0.0.202411081344/tools/bin/../lib/gcc/arm-none-eabi/13.3.1/../../../../arm-none-eabi/lib/thumb/v7e-m+fp/hard\libc_nano.a(libc_a-impure.o)
                0x20000018                _impure_ptr
 .data._impure_data
                0x2000001c       0x4c C:/ST/STM32CubeIDE_1.17.0/STM32CubeIDE/plugins/com.st.stm32cube.ide.mcu.externaltools.gnu-tools-for-stm32.13.3.rel1.win32_1.0.0.202411081344/tools/bin/../lib/gcc/arm-none-eabi/13.3.1/../../../../arm-none-eabi/lib/thumb/v7e-m+fp/hard\libc_nano.a(libc_a-impure.o)
                0x2000001c                _impure_data
 .data.__global_locale
                0x20000068      0x16c C:/ST/STM32CubeIDE_1.17.0/STM32CubeIDE/plugins/com.st.stm32cube.ide.mcu.externaltools.gnu-tools-for-stm32.13.3.rel1.win32_1.0.0.202411081344/tools/bin/../lib/gcc/arm-none-eabi/13.3.1/../../../../arm-none-eabi/lib/thumb/v7e-m+fp/hard\libc_nano.a(libc_a-locale.o)
                0x20000068                __global_locale
 *(.RamFunc)
 *(.RamFunc*)
                0x200001d4                        . = ALIGN (0x4)
                0x200001d4                        _edata = .

.igot.plt       0x200001d4        0x0 load address 0x08015c90
 .igot.plt      0x200001d4        0x0 C:/ST/STM32CubeIDE_1.17.0/STM32CubeIDE/plugins/com.st.stm32cube.ide.mcu.externaltools.gnu-tools-for-stm32.13.3.rel1.win32_1.0.0.202411081344/tools/bin/../lib/gcc/arm-none-eabi/13.3.1/thumb/v7e-m+fp/hard/crtbegin.o

.bss            0x200001d4     0x422c load address 0x08015c90
                0x200001d4                        . = ALIGN (0x4)
                0x200001d4                        _sbss = .
                0x200001d4                        __bss_start__ = _sbss
 *(.bss)
 .bss           0x200001d4       0x1c C:/ST/STM32CubeIDE_1.17.0/STM32CubeIDE/plugins/com.st.stm32cube.ide.mcu.externaltools.gnu-tools-for-stm32.13.3.rel1.win32_1.0.0.202411081344/tools/bin/../lib/gcc/arm-none-eabi/13.3.1/thumb/v7e-m+fp/hard/crtbegin.o
 *(.bss*)
 .bss.adc_dma_buffer
                0x200001f0       0x80 ./Core/Src/drivers/dma.o
                0x200001f0                adc_dma_buffer
 .bss.tc_count.0
                0x20000270        0x4 ./Core/Src/drivers/dma.o
 .bss.oled_present
                0x20000274        0x1 ./Core/Src/drivers/oled.o
 .bss.g_reset_cause
                0x20000275        0x1 ./Core/Src/drivers/reset_cause.o
 *fill*         0x20000276        0x2 
 .bss.uart_rx   0x20000278       0x86 ./Core/Src/drivers/uart_driver.o
 *fill*         0x200002fe        0x2 
 .bss.xIdleTaskTCBBuffer
                0x20000300       0x60 ./Core/Src/freertos.o
 .bss.xIdleStack
                0x20000360      0x200 ./Core/Src/freertos.o
 .bss.__sbrk_heap_end
                0x20000560        0x4 ./Core/Src/sysmem.o
 .bss.q_sensors
                0x20000564        0x4 ./Core/Src/rtos/freertos_init.o
                0x20000564                q_sensors
 .bss.adcTaskHandle
                0x20000568        0x4 ./Core/Src/rtos/freertos_init.o
                0x20000568                adcTaskHandle
 .bss.hb_mask   0x2000056c        0x4 ./Core/Src/rtos/health_manager.o
 .bss.lastImpactTick
                0x20000570        0x4 ./Core/Src/rtos/task_sensors.o
 .bss.q_oled    0x20000574        0x4 ./Core/Src/rtos/tasks_common.o
                0x20000574                q_oled
 .bss.uart_mutex
                0x20000578        0x4 ./Core/Src/rtos/tasks_common.o
                0x20000578                uart_mutex
 .bss.uwTick    0x2000057c        0x4 ./Drivers/STM32F4xx_HAL_Driver/Src/stm32f4xx_hal.o
                0x2000057c                uwTick
 .bss.pxCurrentTCB
                0x20000580        0x4 ./Middlewares/Third_Party/FreeRTOS/Source/tasks.o
                0x20000580                pxCurrentTCB
 .bss.pxReadyTasksLists
                0x20000584       0x64 ./Middlewares/Third_Party/FreeRTOS/Source/tasks.o
 .bss.xDelayedTaskList1
                0x200005e8       0x14 ./Middlewares/Third_Party/FreeRTOS/Source/tasks.o
 .bss.xDelayedTaskList2
                0x200005fc       0x14 ./Middlewares/Third_Party/FreeRTOS/Source/tasks.o
 .bss.pxDelayedTaskList
                0x20000610        0x4 ./Middlewares/Third_Party/FreeRTOS/Source/tasks.o
 .bss.pxOverflowDelayedTaskList
                0x20000614        0x4 ./Middlewares/Third_Party/FreeRTOS/Source/tasks.o
 .bss.xPendingReadyList
                0x20000618       0x14 ./Middlewares/Third_Party/FreeRTOS/Source/tasks.o
 .bss.xTasksWaitingTermination
                0x2000062c       0x14 ./Middlewares/Third_Party/FreeRTOS/Source/tasks.o
 .bss.uxDeletedTasksWaitingCleanUp
                0x20000640        0x4 ./Middlewares/Third_Party/FreeRTOS/Source/tasks.o
 .bss.xSuspendedTaskList
                0x20000644       0x14 ./Middlewares/Third_Party/FreeRTOS/Source/tasks.o
 .bss.uxCurrentNumberOfTasks
                0x20000658        0x4 ./Middlewares/Third_Party/FreeRTOS/Source/tasks.o
 .bss.xTickCount