Archive member included to satisfy reference by file (symbol)

C:/ST/STM32CubeIDE_1.17.0/STM32CubeIDE/plugins/com.st.stm32cube.ide.mcu.externaltools.gnu-tools-for-stm32.13.3.rel1.win32_1.0.0.202411081344/tools/bin/../lib/gcc/arm-none-eabi/13.3.1/../../../../arm-none-eabi/lib/thumb/v7e-m+fp/hard\libc_nano.a(libc_a-exit.o)
                              C:/ST/STM32CubeIDE_1.17.0/STM32CubeIDE/plugins/com.st.stm32cube.ide.mcu.externaltools.gnu-tools-for-stm32.13.3.rel1.win32_1.0.0.202411081344/tools/bin/../lib/gcc/arm-none-eabi/13.3.1/../../../../arm-none-eabi/lib/thumb/v7e-m+fp/hard/crt0.o (exit)
C:/ST/STM32CubeIDE_1.17.0/STM32CubeIDE/plugins/com.st.stm32cube.ide.mcu.externaltools.gnu-tools-for-stm32.13.3.rel1.win32_1.0.0.202411081344/tools/bin/../lib/gcc/arm-none-eabi/13.3.1/../../../../arm-none-eabi/lib/thumb/v7e-m+fp/hard\libc_nano.a(libc_a-findfp.o)
                              C:/ST/STM32CubeIDE_1.17.0/STM32CubeIDE/plugins/com.st.stm32cube.ide.mcu.externaltools.gnu-tools-for-stm32.13.3.rel1.win32_1.0.0.202411081344/tools/bin/../lib/gcc/arm-none-eabi/13.3.1/../../../../arm-none-eabi/lib/thumb/v7e-m+fp/hard\libc_nano.a(libc_a-exit.o) (__stdio_exit_handler)
C:/ST/STM32CubeIDE_1.17.0/STM32CubeIDE/plugins/com.st.stm32cube.ide.mcu.externaltools.gnu-tools-for-stm32.13.3.rel1.win32_1.0.0.202411081344/tools/bin/../lib/gcc/arm-none-eabi/13.3.1/../../../../arm-none-eabi/lib/thumb/v7e-m+fp/hard\libc_nano.a(libc_a-fwalk.o)
                              C:/ST/STM32CubeIDE_1.17.0/STM32CubeIDE/plugins/com.st.stm32cube.ide.mcu.externaltools.gnu-tools-for-stm32.13.3.rel1.win32_1.0.0.202411081344/tools/bin/../lib/gcc/arm-none-eabi/13.3.1/../../../../arm-none-eabi/lib/thumb/v7e-m+fp/hard\libc_nano.a(libc_a-findfp.o) (_fwalk_sglue)
C:/ST/STM32CubeIDE_1.17.0/STM32CubeIDE/plugins/com.st.stm32cube.ide.mcu.externaltools.gnu-tools-for-stm32.13.3.rel1.win32_1.0.0.202411081344/tools/bin/../lib/gcc/arm-none-eabi/13.3.1/../../../../arm-none-eabi/lib/thumb/v7e-m+fp/hard\libc_nano.a(libc_a-stdio.o)
                              C:/ST/STM32CubeIDE_1.17.0/STM32CubeIDE/plugins/com.st.stm32cube.ide.mcu.externaltools.gnu-tools-for-stm32.13.3.rel1.win32_1.0.0.202411081344/tools/bin/../lib/gcc/arm-none-eabi/13.3.1/../../../../arm-none-eabi/lib/thumb/v7e-m+fp/hard\libc_nano.a(libc_a-findfp.o) (__sread)
C:/ST/STM32CubeIDE_1.17.0/STM32CubeIDE/plugins/com.st.stm32cube.ide.mcu.externaltools.gnu-tools-for-stm32.13.3.rel1.win32_1.0.0.202411081344/tools/bin/../lib/gcc/arm-none-eabi/13.3.1/../../../../arm-none-eabi/lib/thumb/v7e-m+fp/hard\libc_nano.a(libc_a-memset.o)
                              C:/ST/STM32CubeIDE_1.17.0/STM32CubeIDE/plugins/com.st.stm32cube.ide.mcu.externaltools.gnu-tools-for-stm32.13.3.rel1.win32_1.0.0.202411081344/tools/bin/../lib/gcc/arm-none-eabi/13.3.1/../../../../arm-none-eabi/lib/thumb/v7e-m+fp/hard/crt0.o (memset)
C:/ST/STM32CubeIDE_1.17.0/STM32CubeIDE/plugins/com.st.stm32cube.ide.mcu.externaltools.gnu-tools-for-stm32.13.3.rel1.win32_1.0.0.202411081344/tools/bin/../lib/gcc/arm-none-eabi/13.3.1/../../../../arm-none-eabi/lib/thumb/v7e-m+fp/hard\libc_nano.a(libc_a-closer.o)
                              C:/ST/STM32CubeIDE_1.17.0/STM32CubeIDE/plugins/com.st.stm32cube.ide.mcu.externaltools.gnu-tools-for-stm32.13.3.rel1.win32_1.0.0.202411081344/tools/bin/../lib/gcc/arm-none-eabi/13.3.1/../../../../arm-none-eabi/lib/thumb/v7e-m+fp/hard\libc_nano.a(libc_a-stdio.o) (_close_r)
C:/ST/STM32CubeIDE_1.17.0/STM32CubeIDE/plugins/com.st.stm32cube.ide.mcu.externaltools.gnu-tools-for-stm32.13.3.rel1.win32_1.0.0.202411081344/tools/bin/../lib/gcc/arm-none-eabi/13.3.1/../../../../arm-none-eabi/lib/thumb/v7e-m+fp/hard\libc_nano.a(libc_a-reent.o)
                              C:/ST/STM32CubeIDE_1.17.0/STM32CubeIDE/plugins/com.st.stm32cube.ide.mcu.externaltools.gnu-tools-for-stm32.13.3.rel1.win32_1.0.0.202411081344/tools/bin/../lib/gcc/arm-none-eabi/13.3.1/../../../../arm-none-eabi/lib/thumb/v7e-m+fp/hard\libc_nano.a(libc_a-closer.o) (errno)
C:/ST/STM32CubeIDE_1.17.0/STM32CubeIDE/plugins/com.st.stm32cube.ide.mcu.externaltools.gnu-tools-for-stm32.13.3.rel1.win32_1.0.0.202411081344/tools/bin/../lib/gcc/arm-none-eabi/13.3.1/../../../../arm-none-eabi/lib/thumb/v7e-m+fp/hard\libc_nano.a(libc_a-impure.o)
                              C:/ST/STM32CubeIDE_1.17.0/STM32CubeIDE/plugins/com.st.stm32cube.ide.mcu.externaltools.gnu-tools-for-stm32.13.3.rel1.win32_1.0.0.202411081344/tools/bin/../lib/gcc/arm-none-eabi/13.3.1/../../../../arm-none-eabi/lib/thumb/v7e-m+fp/hard\libc_nano.a(libc_a-reent.o) (_impure_ptr)
C:/ST/STM32CubeIDE_1.17.0/STM32CubeIDE/plugins/com.st.stm32cube.ide.mcu.externaltools.gnu-tools-for-stm32.13.3.rel1.win32_1.0.0.202411081344/tools/bin/../lib/gcc/arm-none-eabi/13.3.1/../../../../arm-none-eabi/lib/thumb/v7e-m+fp/hard\libc_nano.a(libc_a-lseekr.o)
[...]
Memory Configuration

Name             Origin             Length             Attributes
FLASH            0x0803e000         0x00032000         xr
RAM              0x20000000         0x00020000         xrw
*default*        0x00000000         0xffffffff

Linker script and memory map

LOAD C:/ST/STM32CubeIDE_1.17.0/STM32CubeIDE/plugins/com.st.stm32cube.ide.mcu.externaltools.gnu-tools-for-stm32.13.3.rel1.win32_1.0.0.202411081344/tools/bin/../lib/gcc/arm-none-eabi/13.3.1/thumb/v7e-m+fp/hard/crti.o
LOAD C:/ST/STM32CubeIDE_1.17.0/STM32CubeIDE/plugins/com.st.stm32cube.ide.mcu.externaltools.gnu-tools-for-stm32.13.3.rel1.win32_1.0.0.202411081344/tools/bin/../lib/gcc/arm-none-eabi/13.3.1/thumb/v7e-m+fp/hard/crtbegin.o
LOAD C:/ST/STM32CubeIDE_1.17.0/STM32CubeIDE/plugins/com.st.stm32cube.ide.mcu.externaltools.gnu-tools-for-stm32.13.3.rel1.win32_1.0.0.202411081344/tools/bin/../lib/gcc/arm-none-eabi/13.3.1/../../../../arm-none-eabi/lib/thumb/v7e-m+fp/hard/crt0.o
LOAD ./Core/Src/drivers/uart_driver.o
LOAD ./Core/Src/freertos.o
LOAD ./Core/Src/gpio.o
LOAD ./Core/Src/main.o
LOAD ./Core/Src/stm32f4xx_hal_msp.o
LOAD ./Core/Src/stm32f4xx_it.o
LOAD ./Core/Src/syscalls.o
LOAD ./Core/Src/sysmem.o
LOAD ./Core/Src/system_stm32f4xx.o
LOAD ./Core/Startup/startup_stm32f446retx.o
LOAD ./Drivers/STM32F4xx_HAL_Driver/Src/stm32f4xx_hal.o
LOAD ./Drivers/STM32F4xx_HAL_Driver/Src/stm32f4xx_hal_cortex.o
LOAD ./Drivers/STM32F4xx_HAL_Driver/Src/stm32f4xx_hal_dma.o
LOAD ./Drivers/STM32F4xx_HAL_Driver/Src/stm32f4xx_hal_dma_ex.o
LOAD ./Drivers/STM32F4xx_HAL_Driver/Src/stm32f4xx_hal_exti.o
LOAD ./Drivers/STM32F4xx_HAL_Driver/Src/stm32f4xx_hal_flash.o
LOAD ./Drivers/STM32F4xx_HAL_Driver/Src/stm32f4xx_hal_flash_ex.o
LOAD ./Drivers/STM32F4xx_HAL_Driver/Src/stm32f4xx_hal_flash_ramfunc.o
LOAD ./Drivers/STM32F4xx_HAL_Driver/Src/stm32f4xx_hal_gpio.o
LOAD ./Drivers/STM32F4xx_HAL_Driver/Src/stm32f4xx_hal_pwr.o
LOAD ./Drivers/STM32F4xx_HAL_Driver/Src/stm32f4xx_hal_pwr_ex.o
LOAD ./Drivers/STM32F4xx_HAL_Driver/Src/stm32f4xx_hal_rcc.o
LOAD ./Drivers/STM32F4xx_HAL_Driver/Src/stm32f4xx_hal_rcc_ex.o
LOAD ./Middlewares/Third_Party/FreeRTOS/Source/CMSIS_RTOS/cmsis_os.o
LOAD ./Middlewares/Third_Party/FreeRTOS/Source/croutine.o
LOAD ./Middlewares/Third_Party/FreeRTOS/Source/event_groups.o
LOAD ./Middlewares/Third_Party/FreeRTOS/Source/list.o
LOAD ./Middlewares/Third_Party/FreeRTOS/Source/queue.o
LOAD ./Middlewares/Third_Party/FreeRTOS/Source/stream_buffer.o
LOAD ./Middlewares/Third_Party/FreeRTOS/Source/tasks.o
LOAD ./Middlewares/Third_Party/FreeRTOS/Source/timers.o
LOAD ./Middlewares/Third_Party/FreeRTOS/Source/portable/GCC/ARM_CM4F/port.o
LOAD ./Middlewares/Third_Party/FreeRTOS/Source/portable/MemMang/heap_4.o
START GROUP
LOAD C:/ST/STM32CubeIDE_1.17.0/STM32CubeIDE/plugins/com.st.stm32cube.ide.mcu.externaltools.gnu-tools-for-stm32.13.3.rel1.win32_1.0.0.202411081344/tools/bin/../lib/gcc/arm-none-eabi/13.3.1/../../../../arm-none-eabi/lib/thumb/v7e-m+fp/hard\libc_nano.a
LOAD C:/ST/STM32CubeIDE_1.17.0/STM32CubeIDE/plugins/com.st.stm32cube.ide.mcu.externaltools.gnu-tools-for-stm32.13.3.rel1.win32_1.0.0.202411081344/tools/bin/../lib/gcc/arm-none-eabi/13.3.1/../../../../arm-none-eabi/lib/thumb/v7e-m+fp/hard\libm.a
END GROUP
START GROUP
LOAD C:/ST/STM32CubeIDE_1.17.0/STM32CubeIDE/plugins/com.st.stm32cube.ide.mcu.externaltools.gnu-tools-for-stm32.13.3.rel1.win32_1.0.0.202411081344/tools/bin/../lib/gcc/arm-none-eabi/13.3.1/thumb/v7e-m+fp/hard\libgcc.a
LOAD C:/ST/STM32CubeIDE_1.17.0/STM32CubeIDE/plugins/com.st.stm32cube.ide.mcu.externaltools.gnu-tools-for-stm32.13.3.rel1.win32_1.0.0.202411081344/tools/bin/../lib/gcc/arm-none-eabi/13.3.1/../../../../arm-none-eabi/lib/thumb/v7e-m+fp/hard\libc_nano.a
END GROUP
START GROUP
LOAD C:/ST/STM32CubeIDE_1.17.0/STM32CubeIDE/plugins/com.st.stm32cube.ide.mcu.externaltools.gnu-tools-for-stm32.13.3.rel1.win32_1.0.0.202411081344/tools/bin/../lib/gcc/arm-none-eabi/13.3.1/thumb/v7e-m+fp/hard\libgcc.a
LOAD C:/ST/STM32CubeIDE_1.17.0/STM32CubeIDE/plugins/com.st.stm32cube.ide.mcu.externaltools.gnu-tools-for-stm32.13.3.rel1.win32_1.0.0.202411081344/tools/bin/../lib/gcc/arm-none-eabi/13.3.1/../../../../arm-none-eabi/lib/thumb/v7e-m+fp/hard\libc_nano.a
LOAD C:/ST/STM32CubeIDE_1.17.0/STM32CubeIDE/plugins/com.st.stm32cube.ide.mcu.externaltools.gnu-tools-for-stm32.13.3.rel1.win32_1.0.0.202411081344/tools/bin/../lib/gcc/arm-none-eabi/13.3.1/../../../../arm-none-eabi/lib/thumb/v7e-m+fp/hard\libnosys.a
END GROUP
START GROUP
LOAD C:/ST/STM32CubeIDE_1.17.0/STM32CubeIDE/plugins/com.st.stm32cube.ide.mcu.externaltools.gnu-tools-for-stm32.13.3.rel1.win32_1.0.0.202411081344/tools/bin/../lib/gcc/arm-none-eabi/13.3.1/thumb/v7e-m+fp/hard\libgcc.a
LOAD C:/ST/STM32CubeIDE_1.17.0/STM32CubeIDE/plugins/com.st.stm32cube.ide.mcu.externaltools.gnu-tools-for-stm32.13.3.rel1.win32_1.0.0.202411081344/tools/bin/../lib/gcc/arm-none-eabi/13.3.1/../../../../arm-none-eabi/lib/thumb/v7e-m+fp/hard\libc_nano.a
LOAD C:/ST/STM32CubeIDE_1.17.0/STM32CubeIDE/plugins/com.st.stm32cube.ide.mcu.externaltools.gnu-tools-for-stm32.13.3.rel1.win32_1.0.0.202411081344/tools/bin/../lib/gcc/arm-none-eabi/13.3.1/../../../../arm-none-eabi/lib/thumb/v7e-m+fp/hard\libnosys.a
END GROUP
LOAD C:/ST/STM32CubeIDE_1.17.0/STM32CubeIDE/plugins/com.st.stm32cube.ide.mcu.externaltools.gnu-tools-for-stm32.13.3.rel1.win32_1.0.0.202411081344/tools/bin/../lib/gcc/arm-none-eabi/13.3.1/thumb/v7e-m+fp/hard/crtend.o
LOAD C:/ST/STM32CubeIDE_1.17.0/STM32CubeIDE/plugins/com.st.stm32cube.ide.mcu.externaltools.gnu-tools-for-stm32.13.3.rel1.win32_1.0.0.202411081344/tools/bin/../lib/gcc/arm-none-eabi/13.3.1/thumb/v7e-m+fp/hard/crtn.o
                0x20020000                        _estack = (ORIGIN (RAM) + LENGTH (RAM))
                0x00000200                        _Min_Heap_Size = 0x200
                0x00000400                        _Min_Stack_Size = 0x400

.isr_vector     0x0803e000      0x1c4
                0x0803e000                        . = ALIGN (0x4)
 *(.isr_vector)
 .isr_vector    0x0803e000      0x1c4 ./Core/Startup/startup_stm32f446retx.o
                0x0803e000                g_pfnVectors
                0x0803e1c4                        . = ALIGN (0x4)

.text           0x0803e1d0      0x85c
                0x0803e1d0                        . = ALIGN (0x4)
 *(.text)
 .text          0x0803e1d0       0x40 C:/ST/STM32CubeIDE_1.17.0/STM32CubeIDE/plugins/com.st.stm32cube.ide.mcu.externaltools.gnu-tools-for-stm32.13.3.rel1.win32_1.0.0.202411081344/tools/bin/../lib/gcc/arm-none-eabi/13.3.1/thumb/v7e-m+fp/hard/crtbegin.o
 *(.text*)
 .text.__NVIC_EnableIRQ
                0x0803e210       0x3c ./Core/Src/drivers/uart_driver.o
 .text.__NVIC_SetPriority
                0x0803e24c       0x54 ./Core/Src/drivers/uart_driver.o
 .text.uart_gpio_init
                0x0803e2a0       0x60 ./Core/Src/drivers/uart_driver.o
 .text.uart_core_init
                0x0803e300       0x78 ./Core/Src/drivers/uart_driver.o
 .text.uart_init
                0x0803e378       0x38 ./Core/Src/drivers/uart_driver.o
                0x0803e378                uart_init
 .text.uart_send_byte
                0x0803e3b0       0x30 ./Core/Src/drivers/uart_driver.o
                0x0803e3b0                uart_send_byte
 .text.uart_send_str
                0x0803e3e0       0x38 ./Core/Src/drivers/uart_driver.o
                0x0803e3e0                uart_send_str
 .text.USART2_IRQHandler
                0x0803e418       0x78 ./Core/Src/drivers/uart_driver.o
                0x0803e418                USART2_IRQHandler
 .text.main     0x0803e490       0x24 ./Core/Src/main.o
                0x0803e490                main
 .text.NMI_Handler
                0x0803e4b4        0x8 ./Core/Src/stm32f4xx_it.o
                0x0803e4b4                NMI_Handler
 .text.HardFault_Handler
                0x0803e4bc        0x8 ./Core/Src/stm32f4xx_it.o
                0x0803e4bc                HardFault_Handler
 .text.MemManage_Handler
                0x0803e4c4        0x8 ./Core/Src/stm32f4xx_it.o
                0x0803e4c4                MemManage_Handler
 .text.BusFault_Handler
                0x0803e4cc        0x8 ./Core/Src/stm32f4xx_it.o
                0x0803e4cc                BusFault_Handler
 .text.UsageFault_Handler
                0x0803e4d4        0x8 ./Core/Src/stm32f4xx_it.o
                0x0803e4d4                UsageFault_Handler
 .text.DebugMon_Handler
                0x0803e4dc        0xe ./Core/Src/stm32f4xx_it.o
                0x0803e4dc                DebugMon_Handler
 .text.SysTick_Handler
                0x0803e4ea       0x1a ./Core/Src/stm32f4xx_it.o
                0x0803e4ea                SysTick_Handler
 .text.SystemInit
                0x0803e504       0x24 ./Core/Src/system_stm32f4xx.o
                0x0803e504                SystemInit
 .text.Reset_Handler
                0x0803e528       0x50 ./Core/Startup/startup_stm32f446retx.o
                0x0803e528                Reset_Handler
 .text.Default_Handler
                0x0803e578        0x2 ./Core/Startup/startup_stm32f446retx.o
                0x0803e578                RTC_Alarm_IRQHandler
                0x0803e578                EXTI2_IRQHandler
                0x0803e578                TIM8_CC_IRQHandler
                0x0803e578                FMPI2C1_EV_IRQHandler
                0x0803e578                SPI4_IRQHandler
                0x0803e578                TIM1_CC_IRQHandler
                0x0803e578                DMA2_Stream5_IRQHandler
                0x0803e578                DMA1_Stream5_IRQHandler
                0x0803e578                PVD_IRQHandler
                0x0803e578                SDIO_IRQHandler
                0x0803e578                TAMP_STAMP_IRQHandler
                0x0803e578                CAN2_RX1_IRQHandler
                0x0803e578                EXTI3_IRQHandler
                0x0803e578                TIM8_TRG_COM_TIM14_IRQHandler
                0x0803e578                TIM1_UP_TIM10_IRQHandler
                0x0803e578                TIM8_UP_TIM13_IRQHandler
                0x0803e578                I2C3_ER_IRQHandler
                0x0803e578                EXTI0_IRQHandler
                0x0803e578                I2C2_EV_IRQHandler
                0x0803e578                DMA1_Stream2_IRQHandler
                0x0803e578                CAN1_RX0_IRQHandler
                0x0803e578                FPU_IRQHandler
                0x0803e578                OTG_HS_WKUP_IRQHandler
                0x0803e578                CAN2_SCE_IRQHandler
                0x0803e578                DMA2_Stream2_IRQHandler
                0x0803e578                SPI1_IRQHandler
                0x0803e578                TIM6_DAC_IRQHandler
                0x0803e578                TIM1_BRK_TIM9_IRQHandler
                0x0803e578                DCMI_IRQHandler
                0x0803e578                CAN2_RX0_IRQHandler
                0x0803e578                DMA2_Stream3_IRQHandler
                0x0803e578                SAI2_IRQHandler
                0x0803e578                USART6_IRQHandler
                0x0803e578                USART3_IRQHandler
                0x0803e578                CAN1_RX1_IRQHandler
                0x0803e578                UART5_IRQHandler
                0x0803e578                DMA2_Stream0_IRQHandler
                0x0803e578                TIM4_IRQHandler
                0x0803e578                QUADSPI_IRQHandler
                0x0803e578                I2C1_EV_IRQHandler
                0x0803e578                DMA1_Stream6_IRQHandler
                0x0803e578                DMA1_Stream1_IRQHandler
                0x0803e578                UART4_IRQHandler
                0x0803e578                TIM3_IRQHandler
                0x0803e578                RCC_IRQHandler
                0x0803e578                TIM8_BRK_TIM12_IRQHandler
                0x0803e578                Default_Handler
                0x0803e578                CEC_IRQHandler
                0x0803e578                EXTI15_10_IRQHandler
                0x0803e578                ADC_IRQHandler
                0x0803e578                DMA1_Stream7_IRQHandler
                0x0803e578                TIM7_IRQHandler
                0x0803e578                CAN2_TX_IRQHandler
                0x0803e578                TIM5_IRQHandler
                0x0803e578                DMA2_Stream7_IRQHandler
                0x0803e578                I2C3_EV_IRQHandler
                0x0803e578                EXTI9_5_IRQHandler
                0x0803e578                RTC_WKUP_IRQHandler
                0x0803e578                SPDIF_RX_IRQHandler
                0x0803e578                SPI2_IRQHandler
                0x0803e578                OTG_HS_EP1_IN_IRQHandler
                0x0803e578                DMA1_Stream0_IRQHandler
                0x0803e578                CAN1_TX_IRQHandler
                0x0803e578                FMPI2C1_ER_IRQHandler
                0x0803e578                EXTI4_IRQHandler
                0x0803e578                OTG_HS_EP1_OUT_IRQHandler
                0x0803e578                WWDG_IRQHandler
                0x0803e578                TIM2_IRQHandler
                0x0803e578                OTG_FS_WKUP_IRQHandler
                0x0803e578                TIM1_TRG_COM_TIM11_IRQHandler
                0x0803e578                OTG_HS_IRQHandler
                0x0803e578                EXTI1_IRQHandler
                0x0803e578                I2C2_ER_IRQHandler
                0x0803e578                DMA2_Stream1_IRQHandler
                0x0803e578                CAN1_SCE_IRQHandler
                0x0803e578                FLASH_IRQHandler
                0x0803e578                DMA2_Stream4_IRQHandler
                0x0803e578                USART1_IRQHandler
                0x0803e578                OTG_FS_IRQHandler
                0x0803e578                SPI3_IRQHandler
                0x0803e578                DMA1_Stream4_IRQHandler
                0x0803e578                I2C1_ER_IRQHandler
                0x0803e578                FMC_IRQHandler
                0x0803e578                DMA2_Stream6_IRQHandler
                0x0803e578                SAI1_IRQHandler
                0x0803e578                DMA1_Stream3_IRQHandler
 *fill*         0x0803e57a        0x2 
 .text.HAL_IncTick
                0x0803e57c       0x28 ./Drivers/STM32F4xx_HAL_Driver/Src/stm32f4xx_hal.o
                0x0803e57c                HAL_IncTick
 .text.vListInsertEnd
                0x0803e5a4       0x48 ./Middlewares/Third_Party/FreeRTOS/Source/list.o
                0x0803e5a4                vListInsertEnd
 .text.uxListRemove
                0x0803e5ec       0x54 ./Middlewares/Third_Party/FreeRTOS/Source/list.o
                0x0803e5ec                uxListRemove
 .text.xTaskIncrementTick
                0x0803e640      0x174 ./Middlewares/Third_Party/FreeRTOS/Source/tasks.o
                0x0803e640                xTaskIncrementTick
 .text.vTaskSwitchContext
                0x0803e7b4       0xb8 ./Middlewares/Third_Party/FreeRTOS/Source/tasks.o
                0x0803e7b4                vTaskSwitchContext
 .text.prvResetNextTaskUnblockTime
                0x0803e86c       0x40 ./Middlewares/Third_Party/FreeRTOS/Source/tasks.o
 .text.xTaskGetSchedulerState
                0x0803e8ac       0x3c ./Middlewares/Third_Party/FreeRTOS/Source/tasks.o
                0x0803e8ac                xTaskGetSchedulerState
 *fill*         0x0803e8e8        0x8 
 .text.SVC_Handler
                0x0803e8f0       0x28 ./Middlewares/Third_Party/FreeRTOS/Source/portable/GCC/ARM_CM4F/port.o
                0x0803e8f0                SVC_Handler
 *fill*         0x0803e918        0x8 
 .text.PendSV_Handler
                0x0803e920       0x68 ./Middlewares/Third_Party/FreeRTOS/Source/portable/GCC/ARM_CM4F/port.o
                0x0803e920                PendSV_Handler
 .text.xPortSysTickHandler
                0x0803e988       0x44 ./Middlewares/Third_Party/FreeRTOS/Source/portable/GCC/ARM_CM4F/port.o
                0x0803e988                xPortSysTickHandler
 .text.__libc_init_array
                0x0803e9cc       0x48 C:/ST/STM32CubeIDE_1.17.0/STM32CubeIDE/plugins/com.st.stm32cube.ide.mcu.externaltools.gnu-tools-for-stm32.13.3.rel1.win32_1.0.0.202411081344/tools/bin/../lib/gcc/arm-none-eabi/13.3.1/../../../../arm-none-eabi/lib/thumb/v7e-m+fp/hard\libc_nano.a(libc_a-init.o)
                0x0803e9cc                __libc_init_array
 *(.glue_7)
 .glue_7        0x0803ea14        0x0 linker stubs
 *(.glue_7t)
 .glue_7t       0x0803ea14        0x0 linker stubs
 *(.eh_frame)
 .eh_frame      0x0803ea14        0x0 C:/ST/STM32CubeIDE_1.17.0/STM32CubeIDE/plugins/com.st.stm32cube.ide.mcu.externaltools.gnu-tools-for-stm32.13.3.rel1.win32_1.0.0.202411081344/tools/bin/../lib/gcc/arm-none-eabi/13.3.1/thumb/v7e-m+fp/hard/crtbegin.o
 *(.init)
 .init          0x0803ea14        0x4 C:/ST/STM32CubeIDE_1.17.0/STM32CubeIDE/plugins/com.st.stm32cube.ide.mcu.externaltools.gnu-tools-for-stm32.13.3.rel1.win32_1.0.0.202411081344/tools/bin/../lib/gcc/arm-none-eabi/13.3.1/thumb/v7e-m+fp/hard/crti.o
                0x0803ea14                _init
 .init          0x0803ea18        0x8 C:/ST/STM32CubeIDE_1.17.0/STM32CubeIDE/plugins/com.st.stm32cube.ide.mcu.externaltools.gnu-tools-for-stm32.13.3.rel1.win32_1.0.0.202411081344/tools/bin/../lib/gcc/arm-none-eabi/13.3.1/thumb/v7e-m+fp/hard/crtn.o
 *(.fini)
 .fini          0x0803ea20        0x4 C:/ST/STM32CubeIDE_1.17.0/STM32CubeIDE/plugins/com.st.stm32cube.ide.mcu.externaltools.gnu-tools-for-stm32.13.3.rel1.win32_1.0.0.202411081344/tools/bin/../lib/gcc/arm-none-eabi/13.3.1/thumb/v7e-m+fp/hard/crti.o
                0x0803ea20                _fini
 .fini          0x0803ea24        0x8 C:/ST/STM32CubeIDE_1.17.0/STM32CubeIDE/plugins/com.st.stm32cube.ide.mcu.externaltools.gnu-tools-for-stm32.13.3.rel1.win32_1.0.0.202411081344/tools/bin/../lib/gcc/arm-none-eabi/13.3.1/thumb/v7e-m+fp/hard/crtn.o
                0x0803ea2c                        . = ALIGN (0x4)
                0x0803ea2c                        _etext = .

.vfp11_veneer   0x0803ea2c        0x0
 .vfp11_veneer  0x0803ea2c        0x0 linker stubs

.v4_bx          0x0803ea2c        0x0
 .v4_bx         0x0803ea2c        0x0 linker stubs

.iplt           0x0803ea2c        0x0
 .iplt          0x0803ea2c        0x0 C:/ST/STM32CubeIDE_1.17.0/STM32CubeIDE/plugins/com.st.stm32cube.ide.mcu.externaltools.gnu-tools-for-stm32.13.3.rel1.win32_1.0.0.202411081344/tools/bin/../lib/gcc/arm-none-eabi/13.3.1/thumb/v7e-m+fp/hard/crtbegin.o

.rodata         0x0803ea2c       0x48
                0x0803ea2c                        . = ALIGN (0x4)
 *(.rodata)
 .rodata        0x0803ea2c       0x46 ./Core/Src/main.o
 *(.rodata*)
                0x0803ea74                        . = ALIGN (0x4)
 *fill*         0x0803ea72        0x2 

.rel.dyn        0x0803ea74        0x0
 .rel.iplt      0x0803ea74        0x0 C:/ST/STM32CubeIDE_1.17.0/STM32CubeIDE/plugins/com.st.stm32cube.ide.mcu.externaltools.gnu-tools-for-stm32.13.3.rel1.win32_1.0.0.202411081344/tools/bin/../lib/gcc/arm-none-eabi/13.3.1/thumb/v7e-m+fp/hard/crtbegin.o

.ARM.extab      0x0803ea74        0x0
                0x0803ea74                        . = ALIGN (0x4)
 *(.ARM.extab* .gnu.linkonce.armextab.*)
                0x0803ea74                        . = ALIGN (0x4)

.ARM.exidx      0x0803ea74        0x0
                0x0803ea74                        . = ALIGN (0x4)
                0x0803ea74                        __exidx_start = .
 *(.ARM.exidx*)
                0x0803ea74                        __exidx_end = .
                0x0803ea74                        . = ALIGN (0x4)

.preinit_array  0x0803ea74        0x0
                0x0803ea74                        . = ALIGN (0x4)
                0x0803ea74                        PROVIDE (__preinit_array_start = .)
 *(.preinit_array*)
                0x0803ea74                        PROVIDE (__preinit_array_end = .)
                0x0803ea74                        . = ALIGN (0x4)

.init_array     0x0803ea74        0x4
                0x0803ea74                        . = ALIGN (0x4)
                0x0803ea74                        PROVIDE (__init_array_start = .)
 *(SORT_BY_NAME(.init_array.*))
 *(.init_array*)
 .init_array    0x0803ea74        0x4 C:/ST/STM32CubeIDE_1.17.0/STM32CubeIDE/plugins/com.st.stm32cube.ide.mcu.externaltools.gnu-tools-for-stm32.13.3.rel1.win32_1.0.0.202411081344/tools/bin/../lib/gcc/arm-none-eabi/13.3.1/thumb/v7e-m+fp/hard/crtbegin.o
                0x0803ea78                        PROVIDE (__init_array_end = .)
                0x0803ea78                        . = ALIGN (0x4)

.fini_array     0x0803ea78        0x4
                0x0803ea78                        . = ALIGN (0x4)
                [!provide]                        PROVIDE (__fini_array_start = .)
 *(SORT_BY_NAME(.fini_array.*))
 *(.fini_array*)
 .fini_array    0x0803ea78        0x4 C:/ST/STM32CubeIDE_1.17.0/STM32CubeIDE/plugins/com.st.stm32cube.ide.mcu.externaltools.gnu-tools-for-stm32.13.3.rel1.win32_1.0.0.202411081344/tools/bin/../lib/gcc/arm-none-eabi/13.3.1/thumb/v7e-m+fp/hard/crtbegin.o
                [!provide]                        PROVIDE (__fini_array_end = .)
                0x0803ea7c                        . = ALIGN (0x4)
                0x0803ea7c                        _sidata = LOADADDR (.data)

.data           0x20000000        0x4 load address 0x0803ea7c
                0x20000000                        . = ALIGN (0x4)
                0x20000000                        _sdata = .
 *(.data)
 *(.data*)
 .data.uwTickFreq
                0x20000000        0x1 ./Drivers/STM32F4xx_HAL_Driver/Src/stm32f4xx_hal.o
                0x20000000                uwTickFreq
 *(.RamFunc)
 *(.RamFunc*)
                0x20000004                        . = ALIGN (0x4)
 *fill*         0x20000001        0x3 
                0x20000004                        _edata = .

.igot.plt       0x20000004        0x0 load address 0x0803ea80
 .igot.plt      0x20000004        0x0 C:/ST/STM32CubeIDE_1.17.0/STM32CubeIDE/plugins/com.st.stm32cube.ide.mcu.externaltools.gnu-tools-for-stm32.13.3.rel1.win32_1.0.0.202411081344/tools/bin/../lib/gcc/arm-none-eabi/13.3.1/thumb/v7e-m+fp/hard/crtbegin.o

.bss            0x20000004      0x160 load address 0x0803ea80
                0x20000004                        . = ALIGN (0x4)
                0x20000004                        _sbss = .
                0x20000004                        __bss_start__ = _sbss
 *(.bss)
 .bss           0x20000004       0x1c C:/ST/STM32CubeIDE_1.17.0/STM32CubeIDE/plugins/com.st.stm32cube.ide.mcu.externaltools.gnu-tools-for-stm32.13.3.rel1.win32_1.0.0.202411081344/tools/bin/../lib/gcc/arm-none-eabi/13.3.1/thumb/v7e-m+fp/hard/crtbegin.o
 *(.bss*)
 .bss.uart_rx   0x20000020       0x86 ./Core/Src/drivers/uart_driver.o
 *fill*         0x200000a6        0x2 
 .bss.uwTick    0x200000a8        0x4 ./Drivers/STM32F4xx_HAL_Driver/Src/stm32f4xx_hal.o
                0x200000a8                uwTick
 .bss.pxCurrentTCB
                0x200000ac        0x4 ./Middlewares/Third_Party/FreeRTOS/Source/tasks.o
                0x200000ac                pxCurrentTCB
 .bss.pxReadyTasksLists
                0x200000b0       0x8c ./Middlewares/Third_Party/FreeRTOS/Source/tasks.o
 .bss.pxDelayedTaskList
                0x2000013c        0x4 ./Middlewares/Third_Party/FreeRTOS/Source/tasks.o
 .bss.pxOverflowDelayedTaskList
                0x20000140        0x4 ./Middlewares/Third_Party/FreeRTOS/Source/tasks.o
 .bss.xTickCount
                0x20000144        0x4 ./Middlewares/Third_Party/FreeRTOS/Source/tasks.o
 .bss.uxTopReadyPriority
                0x20000148        0x4 ./Middlewares/Third_Party/FreeRTOS/Source/tasks.o
 .bss.xSchedulerRunning
                0x2000014c        0x4 ./Middlewares/Third_Party/FreeRTOS/Source/tasks.o
 .bss.xPendedTicks
                0x20000150        0x4 ./Middlewares/Third_Party/FreeRTOS/Source/tasks.o
 .bss.xYieldPending
                0x20000154        0x4 ./Middlewares/Third_Party/FreeRTOS/Source/tasks.o
 .bss.xNumOfOverflows
                0x20000158        0x4 ./Middlewares/Third_Party/FreeRTOS/Source/tasks.o
 .bss.xNextTaskUnblockTime
                0x2000015c        0x4 ./Middlewares/Third_Party/FreeRTOS/Source/tasks.o
 .bss.uxSchedulerSuspended
                0x20000160        0x4 ./Middlewares/Third_Party/FreeRTOS/Source/tasks.o
 *(COMMON)
                0x20000164                        . = ALIGN (0x4)
                0x20000164                        _ebss = .
                0x20000164                        __bss_end__ = _ebss

.noinit         0x20000164        0x4 load address 0x0803ea80
                0x20000168                        . = ALIGN (0x8)
 *fill*         0x20000164        0x4 
 *(.noinit*)
                0x20000168                        . = ALIGN (0x8)

._user_heap_stack
                0x20000168      0x600 load address 0x0803ea80
                0x20000168                        . = ALIGN (0x8)
                [!provide]                        PROVIDE (end = .)
                0x20000168                        PROVIDE (_end = .)
                0x20000368                        . = (. + _Min_Heap_Size)
 *fill*         0x20000168      0x200 
                0x20000768                        . = (. + _Min_Stack_Size)
 *fill*         0x20000368      0x400 
                0x20000768                        . = ALIGN (0x8)

.ARM.attributes
                0x00000000       0x30
 *(.ARM.attributes)
 .ARM.attributes
                0x00000000       0x22 C:/ST/STM32CubeIDE_1.17.0/STM32CubeIDE/plugins/com.st.stm32cube.ide.mcu.externaltools.gnu-tools-for-stm32.13.3.rel1.win32_1.0.0.202411081344/tools/bin/../lib/gcc/arm-none-eabi/13.3.1/thumb/v7e-m+fp/hard/crti.o
 .ARM.attributes
                0x00000022       0x34 C:/ST/STM32CubeIDE_1.17.0/STM32CubeIDE/plugins/com.st.stm32cube.ide.mcu.externaltools.gnu-tools-for-stm32.13.3.rel1.win32_1.0.0.202411081344/tools/bin/../lib/gcc/arm-none-eabi/13.3.1/thumb/v7e-m+fp/hard/crtbegin.o
 .ARM.attributes
                0x00000056       0x34 ./Core/Src/drivers/uart_driver.o
 .ARM.attributes
                0x0000008a       0x34 ./Core/Src/main.o
 .ARM.attributes
                0x000000be       0x34 ./Core/Src/stm32f4xx_it.o
 .ARM.attributes
                0x000000f2       0x34 ./Core/Src/system_stm32f4xx.o
 .ARM.attributes
                0x00000126       0x21 ./Core/Startup/startup_stm32f446retx.o
 .ARM.attributes
                0x00000147       0x34 ./Drivers/STM32F4xx_HAL_Driver/Src/stm32f4xx_hal.o
 .ARM.attributes
                0x0000017b       0x34 ./Middlewares/Third_Party/FreeRTOS/Source/list.o
 .ARM.attributes
                0x000001af       0x34 ./Middlewares/Third_Party/FreeRTOS/Source/tasks.o
 .ARM.attributes
                0x000001e3       0x34 ./Middlewares/Third_Party/FreeRTOS/Source/portable/GCC/ARM_CM4F/port.o
 .ARM.attributes
                0x00000217       0x34 C:/ST/STM32CubeIDE_1.17.0/STM32CubeIDE/plugins/com.st.stm32cube.ide.mcu.externaltools.gnu-tools-for-stm32.13.3.rel1.win32_1.0.0.202411081344/tools/bin/../lib/gcc/arm-none-eabi/13.3.1/../../../../arm-none-eabi/lib/thumb/v7e-m+fp/hard\libc_nano.a(libc_a-init.o)
 .ARM.attributes
                0x0000024b       0x22 C:/ST/STM32CubeIDE_1.17.0/STM32CubeIDE/plugins/com.st.stm32cube.ide.mcu.externaltools.gnu-tools-for-stm32.13.3.rel1.win32_1.0.0.202411081344/tools/bin/../lib/gcc/arm-none-eabi/13.3.1/thumb/v7e-m+fp/hard/crtn.o
OUTPUT(application.elf elf32-littlearm)
LOAD linker stubs

.debug_info     0x00000000     0x4072
 .debug_info    0x00000000      0xb3f ./Core/Src/drivers/uart_driver.o
 .debug_info    0x00000b3f       0xd1 ./Core/Src/main.o
 .debug_info    0x00000c10      0x11a ./Core/Src/stm32f4xx_it.o
 .debug_info    0x00000d2a      0x54a ./Core/Src/system_stm32f4xx.o
 .debug_info    0x00001274       0x30 ./Core/Startup/startup_stm32f446retx.o
 .debug_info    0x000012a4      0x99a ./Drivers/STM32F4xx_HAL_Driver/Src/stm32f4xx_hal.o
 .debug_info    0x00001c3e      0x2af ./Middlewares/Third_Party/FreeRTOS/Source/list.o
 .debug_info    0x00001eed     0x1ca7 ./Middlewares/Third_Party/FreeRTOS/Source/tasks.o
 .debug_info    0x00003b94      0x4de ./Middlewares/Third_Party/FreeRTOS/Source/portable/GCC/ARM_CM4F/port.o

.debug_abbrev   0x00000000      0xd8b
 .debug_abbrev  0x00000000      0x274 ./Core/Src/drivers/uart_driver.o
 .debug_abbrev  0x00000274       0x84 ./Core/Src/main.o
 .debug_abbrev  0x000002f8       0x97 ./Core/Src/stm32f4xx_it.o
 .debug_abbrev  0x0000038f      0x11a ./Core/Src/system_stm32f4xx.o
 .debug_abbrev  0x000004a9       0x24 ./Core/Startup/startup_stm32f446retx.o
 .debug_abbrev  0x000004cd      0x214 ./Drivers/STM32F4xx_HAL_Driver/Src/stm32f4xx_hal.o
 .debug_abbrev  0x000006e1       0xf5 ./Middlewares/Third_Party/FreeRTOS/Source/list.o
 .debug_abbrev  0x000007d6      0x359 ./Middlewares/Third_Party/FreeRTOS/Source/tasks.o
 .debug_abbrev  0x00000b2f      0x25c ./Middlewares/Third_Party/FreeRTOS/Source/portable/GCC/ARM_CM4F/port.o

.debug_aranges  0x00000000      0x4a0
 .debug_aranges
                0x00000000       0x78 ./Core/Src/drivers/uart_driver.o
 .debug_aranges
                0x00000078       0x20 ./Core/Src/main.o
 .debug_aranges
                0x00000098       0x50 ./Core/Src/stm32f4xx_it.o
 .debug_aranges
                0x000000e8       0x28 ./Core/Src/system_stm32f4xx.o
 .debug_aranges
                0x00000110       0x28 ./Core/Startup/startup_stm32f446retx.o
 .debug_aranges
                0x00000138       0xf0 ./Drivers/STM32F4xx_HAL_Driver/Src/stm32f4xx_hal.o
 .debug_aranges
                0x00000228       0x40 ./Middlewares/Third_Party/FreeRTOS/Source/list.o
 .debug_aranges
                0x00000268      0x1b8 ./Middlewares/Third_Party/FreeRTOS/Source/tasks.o
 .debug_aranges
                0x00000420       0x80 ./Middlewares/Third_Party/FreeRTOS/Source/portable/GCC/ARM_CM4F/port.o

.debug_rnglists
                0x00000000      0x374
 .debug_rnglists
                0x00000000       0x61 ./Core/Src/drivers/uart_driver.o
 .debug_rnglists
                0x00000061       0x13 ./Core/Src/main.o
 .debug_rnglists
                0x00000074       0x37 ./Core/Src/stm32f4xx_it.o
 .debug_rnglists
                0x000000ab       0x1a ./Core/Src/system_stm32f4xx.o
 .debug_rnglists
                0x000000c5       0x19 ./Core/Startup/startup_stm32f446retx.o
 .debug_rnglists
                0x000000de       0xaf ./Drivers/STM32F4xx_HAL_Driver/Src/stm32f4xx_hal.o
 .debug_rnglists
                0x0000018d       0x2b ./Middlewares/Third_Party/FreeRTOS/Source/list.o
 .debug_rnglists
                0x000001b8      0x15f ./Middlewares/Third_Party/FreeRTOS/Source/tasks.o
 .debug_rnglists
                0x00000317       0x5d ./Middlewares/Third_Party/FreeRTOS/Source/portable/GCC/ARM_CM4F/port.o

.debug_macro    0x00000000    0x19728
 .debug_macro   0x00000000       0xd5 ./Core/Src/drivers/uart_driver.o
 .debug_macro   0x000000d5      0xad8 ./Core/Src/drivers/uart_driver.o
 .debug_macro   0x00000bad       0x28 ./Core/Src/drivers/uart_driver.o
 .debug_macro   0x00000bd5       0x22 ./Core/Src/drivers/uart_driver.o
 .debug_macro   0x00000bf7       0x8e ./Core/Src/drivers/uart_driver.o
 .debug_macro   0x00000c85       0x51 ./Core/Src/drivers/uart_driver.o
 .debug_macro   0x00000cd6      0x103 ./Core/Src/drivers/uart_driver.o
 .debug_macro   0x00000dd9       0x6a ./Core/Src/drivers/uart_driver.o
 .debug_macro   0x00000e43      0x1df ./Core/Src/drivers/uart_driver.o
 .debug_macro   0x00001022       0x1c ./Core/Src/drivers/uart_driver.o
 .debug_macro   0x0000103e       0x22 ./Core/Src/drivers/uart_driver.o
 .debug_macro   0x00001060       0xfb ./Core/Src/drivers/uart_driver.o
 .debug_macro   0x0000115b     0x1011 ./Core/Src/drivers/uart_driver.o
 .debug_macro   0x0000216c      0x11f ./Core/Src/drivers/uart_driver.o
 .debug_macro   0x0000228b    0x1675e ./Core/Src/drivers/uart_driver.o
 .debug_macro   0x000189e9       0xc9 ./Core/Src/main.o
 .debug_macro   0x00018ab2      0x22c ./Core/Src/stm32f4xx_it.o
 .debug_macro   0x00018cde       0xe4 ./Core/Src/stm32f4xx_it.o
 .debug_macro   0x00018dc2      0x1b0 ./Core/Src/system_stm32f4xx.o
 .debug_macro   0x00018f72      0x210 ./Drivers/STM32F4xx_HAL_Driver/Src/stm32f4xx_hal.o
 .debug_macro   0x00019182      0x187 ./Middlewares/Third_Party/FreeRTOS/Source/list.o
 .debug_macro   0x00019309      0x279 ./Middlewares/Third_Party/FreeRTOS/Source/tasks.o
 .debug_macro   0x00019582       0x10 ./Middlewares/Third_Party/FreeRTOS/Source/tasks.o
 .debug_macro   0x00019592      0x196 ./Middlewares/Third_Party/FreeRTOS/Source/portable/GCC/ARM_CM4F/port.o

.debug_line     0x00000000     0x4ef7
 .debug_line    0x00000000      0x733 ./Core/Src/drivers/uart_driver.o
 .debug_line    0x00000733      0x4ee ./Core/Src/main.o
 .debug_line    0x00000c21      0x896 ./Core/Src/stm32f4xx_it.o
 .debug_line    0x000014b7      0x773 ./Core/Src/system_stm32f4xx.o
 .debug_line    0x00001c2a       0x7a ./Core/Startup/startup_stm32f446retx.o
 .debug_line    0x00001ca4      0x9ef ./Drivers/STM32F4xx_HAL_Driver/Src/stm32f4xx_hal.o
 .debug_line    0x00002693      0x78c ./Middlewares/Third_Party/FreeRTOS/Source/list.o
 .debug_line    0x00002e1f     0x18c7 ./Middlewares/Third_Party/FreeRTOS/Source/tasks.o
 .debug_line    0x000046e6      0x811 ./Middlewares/Third_Party/FreeRTOS/Source/portable/GCC/ARM_CM4F/port.o

.debug_str      0x00000000    0xcaaf1
 .debug_str     0x00000000    0xcaaf1 ./Core/Src/drivers/uart_driver.o
                              0x8b300 (size before relaxing)
 .debug_str     0x000caaf1    0x8aa81 ./Core/Src/main.o
 .debug_str     0x000caaf1    0xc45ee ./Core/Src/stm32f4xx_it.o
 .debug_str     0x000caaf1    0xc0970 ./Core/Src/system_stm32f4xx.o
 .debug_str     0x000caaf1       0x82 ./Core/Startup/startup_stm32f446retx.o
 .debug_str     0x000caaf1    0xc1535 ./Drivers/STM32F4xx_HAL_Driver/Src/stm32f4xx_hal.o
 .debug_str     0x000caaf1     0xac08 ./Middlewares/Third_Party/FreeRTOS/Source/list.o
 .debug_str     0x000caaf1     0xcf73 ./Middlewares/Third_Party/FreeRTOS/Source/tasks.o
 .debug_str     0x000caaf1     0x87ae ./Middlewares/Third_Party/FreeRTOS/Source/portable/GCC/ARM_CM4F/port.o

.comment        0x00000000       0x43
 .comment       0x00000000       0x43 ./Core/Src/drivers/uart_driver.o
                                 0x44 (size before relaxing)
 .comment       0x00000043       0x44 ./Core/Src/main.o
 .comment       0x00000043       0x44 ./Core/Src/stm32f4xx_it.o
 .comment       0x00000043       0x44 ./Core/Src/system_stm32f4xx.o
 .comment       0x00000043       0x44 ./Drivers/STM32F4xx_HAL_Driver/Src/stm32f4xx_hal.o
 .comment       0x00000043       0x44 ./Middlewares/Third_Party/FreeRTOS/Source/list.o
 .comment       0x00000043       0x44 ./Middlewares/Third_Party/FreeRTOS/Source/tasks.o
 .comment       0x00000043       0x44 ./Middlewares/Third_Party/FreeRTOS/Source/portable/GCC/ARM_CM4F/port.o

.debug_frame    0x00000000     0x10a8
 .debug_frame   0x00000000      0x1c4 ./Core/Src/drivers/uart_driver.o
 .debug_frame   0x000001c4       0x2c ./Core/Src/main.o
 .debug_frame   0x000001f0       0xc4 ./Core/Src/stm32f4xx_it.o
 .debug_frame   0x000002b4       0x58 ./Core/Src/system_stm32f4xx.o
 .debug_frame   0x0000030c      0x374 ./Drivers/STM32F4xx_HAL_Driver/Src/stm32f4xx_hal.o
 .debug_frame   0x00000680       0xd8 ./Middlewares/Third_Party/FreeRTOS/Source/list.o
 .debug_frame   0x00000758      0x77c ./Middlewares/Third_Party/FreeRTOS/Source/tasks.o
 .debug_frame   0x00000ed4      0x1a8 ./Middlewares/Third_Party/FreeRTOS/Source/portable/GCC/ARM_CM4F/port.o
 .debug_frame   0x0000107c       0x2c C:/ST/STM32CubeIDE_1.17.0/STM32CubeIDE/plugins/com.st.stm32cube.ide.mcu.externaltools.gnu-tools-for-stm32.13.3.rel1.win32_1.0.0.202411081344/tools/bin/../lib/gcc/arm-none-eabi/13.3.1/../../../../arm-none-eabi/lib/thumb/v7e-m+fp/hard\libc_nano.a(libc_a-init.o)

.debug_line_str
                0x00000000       0x66
 .debug_line_str
                0x00000000       0x66 ./Core/Startup/startup_stm32f446retx.o
