20:32:30 **** Incremental Build of configuration Debug for project application ****
make -j8 all 
arm-none-eabi-gcc "../Core/Src/rtos/tasks_sensor.c" -mcpu=cortex-m4 -std=gnu11 -g3 -DDEBUG -DUSE_HAL_DRIVER -DSTM32F446xx -c -I../Core/Inc -I../Drivers/STM32F4xx_HAL_Driver/Inc -I../Drivers/STM32F4xx_HAL_Driver/Inc/Legacy -I../Drivers/CMSIS/Device/ST/STM32F4xx/Include -I../Drivers/CMSIS/Include -I../Middlewares/Third_Party/FreeRTOS/Source/include -I../Middlewares/Third_Party/FreeRTOS/Source/CMSIS_RTOS -I../Middlewares/Third_Party/FreeRTOS/Source/portable/GCC/ARM_CM4F -O0 -ffunction-sections -fdata-sections -Wall -u _printf_float -fstack-usage -fcyclomatic-complexity -MMD -MP -MF"Core/Src/rtos/tasks_sensor.d" -MT"Core/Src/rtos/tasks_sensor.o" --specs=nano.specs -mfpu=fpv4-sp-d16 -mfloat-abi=hard -mthumb -o "Core/Src/rtos/tasks_sensor.o"
arm-none-eabi-gcc -o "application.elf" @"objects.list"   -mcpu=cortex-m4 -T"D:\Firmware\STM32\AegisFW_Resources\AegisFW\application\Linker\app_slot_A.ld" --specs=nosys.specs -Wl,-Map="application.map" -Wl,--gc-sections -static --specs=nano.specs -mfpu=fpv4-sp-d16 -mfloat-abi=hard -mthumb -Wl,--start-group -lc -lm -Wl,--end-group
C:/ST/STM32CubeIDE_1.17.0/STM32CubeIDE/plugins/com.st.stm32cube.ide.mcu.externaltools.gnu-tools-for-stm32.13.3.rel1.win32_1.0.0.202411081344/tools/bin/../lib/gcc/arm-none-eabi/13.3.1/../../../../arm-none-eabi/bin/ld.exe: warning: application.elf has a LOAD segment with RWX permissions
Finished building target: application.elf
 
arm-none-eabi-size  application.elf 
arm-none-eabi-objdump -h -S application.elf  > "application.list"
arm-none-eabi-objcopy  -O ihex application.elf  "application.hex"
   text	   data	    bss	    dec	    hex	filename
   9144	     20	  17852	  27016	   6988	application.elf
arm-none-eabi-objcopy  -O binary application.elf  "application.bin"
Finished building: default.size.stdout
 
Finished building: application.hex
Finished building: application.bin
 
Finished building: application.list
 
 
20:32:34 **** Incremental Build of configuration Debug for project application ****
make -j8 all 
arm-none-eabi-size  application.elf 
   text	   data	    bss	    dec	    hex	filename
   9144	     20	  17852	  27016	   6988	application.elf
Finished building: default.size.stdout
 
